<html>
<body>
<pre>
<h1>礦ision Build Log</h1>
<h2>Tool Versions:</h2>
IDE-Version: μVision V5.14.0.0
Copyright (C) 2015 ARM Ltd and ARM Germany GmbH. All rights reserved.
License Information: pang admin, null, LIC=9N0AE-5J106-F1WPT-RPXNP-HCEL8-5ZJF4
 
Tool Versions:
Toolchain:       MDK-ARM Professional  Version: 5.14.0.0
Toolchain Path:  D:\MDK5\Keil_v5\ARM\ARMCC\Bin
C Compiler:      Armcc.exe V5.05 update 1 (build 106)
Assembler:       Armasm.exe V5.05 update 1 (build 106)
Linker/Locator:  ArmLink.exe V5.05 update 1 (build 106)
Library Manager: ArmAr.exe V5.05 update 1 (build 106)
Hex Converter:   FromElf.exe V5.05 update 1 (build 106)
CPU DLL:         SARMCM3.DLL V5.14.0.0
Dialog DLL:      DCM.DLL V1.13.1.0
Target DLL:      CMSIS_AGDI.dll V1.21.0.0
Dialog DLL:      TCM.DLL V1.14.4.0
 
<h2>Project:</h2>
D:\QQPCmgr\Desktop\毕设\GPS_ATGM\野火【北斗GPS_ATGM332D】模块资料\2-开发板配套例程\origin\F407_霸天虎开发板\2.GPS_Decode_USART\Project\RVMDK（uv5）\BH-F407.uvprojx
Project File Date:  05/07/2021

<h2>Output:</h2>
Rebuild target 'GPS'
assembling startup_stm32f40xx.s...
compiling system_stm32f4xx.c...
compiling misc.c...
compiling stm32f4xx_adc.c...
compiling stm32f4xx_can.c...
compiling stm32f4xx_cec.c...
compiling stm32f4xx_crc.c...
compiling stm32f4xx_cryp.c...
compiling stm32f4xx_cryp_aes.c...
compiling stm32f4xx_cryp_des.c...
compiling stm32f4xx_cryp_tdes.c...
compiling stm32f4xx_dac.c...
compiling stm32f4xx_dbgmcu.c...
compiling stm32f4xx_dcmi.c...
compiling stm32f4xx_dma.c...
compiling stm32f4xx_exti.c...
compiling stm32f4xx_flash.c...
compiling stm32f4xx_flash_ramfunc.c...
compiling stm32f4xx_fmpi2c.c...
compiling stm32f4xx_fsmc.c...
compiling stm32f4xx_gpio.c...
compiling stm32f4xx_hash.c...
compiling stm32f4xx_hash_md5.c...
compiling stm32f4xx_hash_sha1.c...
compiling stm32f4xx_i2c.c...
compiling stm32f4xx_iwdg.c...
compiling stm32f4xx_pwr.c...
compiling stm32f4xx_qspi.c...
compiling stm32f4xx_rcc.c...
compiling stm32f4xx_rng.c...
compiling stm32f4xx_rtc.c...
compiling stm32f4xx_sai.c...
compiling stm32f4xx_sdio.c...
compiling stm32f4xx_spdifrx.c...
compiling stm32f4xx_spi.c...
compiling stm32f4xx_syscfg.c...
compiling stm32f4xx_tim.c...
compiling stm32f4xx_usart.c...
compiling stm32f4xx_wwdg.c...
compiling main.c...
..\..\User\main.c(55): warning:  #177-D: variable "Acel" was declared but never referenced
        float Acel[3] = {0};
..\..\User\main.c(56): warning:  #177-D: variable "Gyro" was declared but never referenced
        float Gyro[3] = {0};
..\..\User\main.c: 2 warnings, 0 errors
compiling stm32f4xx_it.c...
compiling nema_decode_test.c...
..\..\User\nema_decode_test.c(109): warning:  #940-D: missing return statement at end of non-void function "nmea_decode_test"
  }
..\..\User\nema_decode_test.c(35): warning:  #550-D: variable "deg_lon" was set but never used
                double deg_lon;//转换成[degree].[degree]格式的经度
..\..\User\nema_decode_test.c: 2 warnings, 0 errors
compiling bsp_spi_adis.c...
..\..\User\adis\bsp_spi_adis.c(548): warning:  #1035-D: single-precision operand implicitly converted to double-precision
                        case 0:Data[i] = ( Data[i] * 0.25 ) / (65536 * 1000);break;
..\..\User\adis\bsp_spi_adis.c(579): warning:  #1035-D: single-precision operand implicitly converted to double-precision
                angleData[0] = 180 * buf[0] / PI;
..\..\User\adis\bsp_spi_adis.c(580): warning:  #1035-D: single-precision operand implicitly converted to double-precision
                angleData[1] = 180 * buf[1] / PI;
..\..\User\adis\bsp_spi_adis.c(581): warning:  #1035-D: single-precision operand implicitly converted to double-precision
                angleData[2] = 180 * buf[2] / PI;
..\..\User\adis\bsp_spi_adis.c: 4 warnings, 0 errors
compiling attitude_solution.c...
..\..\User\attitude_solution\attitude_solution.c(78): warning:  #1035-D: single-precision operand implicitly converted to double-precision
        euler.yaw = euler.yaw + ( Gyro[2] - 0.03050 ) * dtt;
..\..\User\attitude_solution\attitude_solution.c: 1 warning, 0 errors
compiling bsp_exti.c...
compiling kalman.c...
..\..\User\kalman\kalman.c(65): warning:  #1035-D: single-precision operand implicitly converted to double-precision
                Kalman_Struct -> Angle_Final += (Gyro - Kalman_Struct -> Q_bias) * dt; 
..\..\User\kalman\kalman.c(68): warning:  #1035-D: single-precision operand implicitly converted to double-precision
                Kalman_Struct -> Pdot[0] = Q_angle - Kalman_Struct -> PP[0][1] - Kalman_Struct -> PP[1][0]; 
..\..\User\kalman\kalman.c(74): warning:  #1035-D: single-precision operand implicitly converted to double-precision
                Kalman_Struct -> PP[0][0] += Kalman_Struct -> Pdot[0] * dt;   
..\..\User\kalman\kalman.c(75): warning:  #1035-D: single-precision operand implicitly converted to double-precision
                Kalman_Struct -> PP[0][1] += Kalman_Struct -> Pdot[1] * dt;   
..\..\User\kalman\kalman.c(76): warning:  #1035-D: single-precision operand implicitly converted to double-precision
                Kalman_Struct -> PP[1][0] += Kalman_Struct -> Pdot[2] * dt;
..\..\User\kalman\kalman.c(77): warning:  #1035-D: single-precision operand implicitly converted to double-precision
                Kalman_Struct -> PP[1][1] += Kalman_Struct -> Pdot[3] * dt;
..\..\User\kalman\kalman.c: 6 warnings, 0 errors
compiling bsp_SysTick.c...
compiling gps_config.c...
..\..\User\BSP\gps\gps_config.c(248): warning:  #177-D: variable "i" was declared but never referenced
      uint16_t i;
..\..\User\BSP\gps\gps_config.c: 1 warning, 0 errors
compiling bsp_led.c...
compiling bsp_debug_usart.c...
compiling fatfs_flash_spi.c...
compiling fatfs_sd_sdio.c...
compiling diskio.c...
compiling ff.c...
..\..\User\FATFS\ff.c(1853): warning:  #111-D: statement is unreachable
                        w = (w << 8) + b;                       /* Create a DBC */
..\..\User\FATFS\ff.c: 1 warning, 0 errors
compiling ccsbcs.c...
compiling context.c...
compiling generate.c...
compiling generator.c...
compiling gmath.c...
..\..\User\nmea_decode\src\gmath.c(166): warning:  #550-D: variable "tan_sigma" was set but never used
          double tmp1, tmp2, tan_sigma, sin_alpha, cos_alpha, C, lambda_prev; 
..\..\User\nmea_decode\src\gmath.c(264): warning:  #550-D: variable "tan_sigma1" was set but never used
      double tan_sigma1, sigma1, sin_alpha, cos_alpha, sqr_cos_alpha, sqr_u, A, B;
..\..\User\nmea_decode\src\gmath.c(264): warning:  #550-D: variable "cos_alpha" was set but never used
      double tan_sigma1, sigma1, sin_alpha, cos_alpha, sqr_cos_alpha, sqr_u, A, B;
..\..\User\nmea_decode\src\gmath.c: 3 warnings, 0 errors
compiling info.c...
compiling parse.c...
compiling parser.c...
compiling sentence.c...
compiling time.c...
compiling tok.c...
linking...
Program Size: Code=19554 RO-data=1198 RW-data=188 ZI-data=21308  
FromELF: creating hex file...
"..\..\Output\Template.axf" - 0 Error(s), 20 Warning(s).

<h2>Collection of Component include folders:</h2>
  D:\QQPCmgr\Desktop\毕设\GPS_ATGM\野火【北斗GPS_ATGM332D】模块资料\2-开发板配套例程\origin\F407_霸天虎开发板\2.GPS_Decode_USART\Project\RVMDK（uv5）\RTE
  D:\MDK5\Keil_v5\ARM\PACK\Keil\STM32F4xx_DFP\2.13.0

<h2>Collection of Component Files used:</h2>
</pre>
</body>
</html>
