Component: ARM Compiler 5.05 update 1 (build 106) Tool: armlink [4d0efa]

==============================================================================

Section Cross References

    startup_stm32f40xx.o(RESET) refers to startup_stm32f40xx.o(STACK) for __initial_sp
    startup_stm32f40xx.o(RESET) refers to startup_stm32f40xx.o(.text) for Reset_Handler
    startup_stm32f40xx.o(RESET) refers to stm32f4xx_it.o(i.NMI_Handler) for NMI_Handler
    startup_stm32f40xx.o(RESET) refers to stm32f4xx_it.o(i.HardFault_Handler) for HardFault_Handler
    startup_stm32f40xx.o(RESET) refers to stm32f4xx_it.o(i.MemManage_Handler) for MemManage_Handler
    startup_stm32f40xx.o(RESET) refers to stm32f4xx_it.o(i.BusFault_Handler) for BusFault_Handler
    startup_stm32f40xx.o(RESET) refers to stm32f4xx_it.o(i.UsageFault_Handler) for UsageFault_Handler
    startup_stm32f40xx.o(RESET) refers to stm32f4xx_it.o(i.SVC_Handler) for SVC_Handler
    startup_stm32f40xx.o(RESET) refers to stm32f4xx_it.o(i.DebugMon_Handler) for DebugMon_Handler
    startup_stm32f40xx.o(RESET) refers to stm32f4xx_it.o(i.PendSV_Handler) for PendSV_Handler
    startup_stm32f40xx.o(RESET) refers to stm32f4xx_it.o(i.SysTick_Handler) for SysTick_Handler
    startup_stm32f40xx.o(RESET) refers to stm32f4xx_it.o(i.EXTI3_IRQHandler) for EXTI3_IRQHandler
    startup_stm32f40xx.o(RESET) refers to stm32f4xx_it.o(i.DMA1_Stream5_IRQHandler) for DMA1_Stream5_IRQHandler
    startup_stm32f40xx.o(RESET) refers to fatfs_sd_sdio.o(i.SDIO_IRQHandler) for SDIO_IRQHandler
    startup_stm32f40xx.o(RESET) refers to fatfs_sd_sdio.o(i.DMA2_Stream3_IRQHandler) for DMA2_Stream3_IRQHandler
    startup_stm32f40xx.o(.text) refers to system_stm32f4xx.o(i.SystemInit) for SystemInit
    startup_stm32f40xx.o(.text) refers to entry.o(.ARM.Collect$$$$00000000) for __main
    system_stm32f4xx.o(i.SystemCoreClockUpdate) refers to system_stm32f4xx.o(.data) for .data
    system_stm32f4xx.o(i.SystemInit) refers to system_stm32f4xx.o(i.SetSysClock) for SetSysClock
    stm32f4xx_adc.o(i.ADC_DeInit) refers to stm32f4xx_rcc.o(i.RCC_APB2PeriphResetCmd) for RCC_APB2PeriphResetCmd
    stm32f4xx_can.o(i.CAN_DeInit) refers to stm32f4xx_rcc.o(i.RCC_APB1PeriphResetCmd) for RCC_APB1PeriphResetCmd
    stm32f4xx_can.o(i.CAN_GetITStatus) refers to stm32f4xx_can.o(i.CheckITStatus) for CheckITStatus
    stm32f4xx_cryp.o(i.CRYP_DeInit) refers to stm32f4xx_rcc.o(i.RCC_AHB2PeriphResetCmd) for RCC_AHB2PeriphResetCmd
    stm32f4xx_cryp_aes.o(i.CRYP_AES_CBC) refers to stm32f4xx_cryp.o(i.CRYP_KeyStructInit) for CRYP_KeyStructInit
    stm32f4xx_cryp_aes.o(i.CRYP_AES_CBC) refers to stm32f4xx_cryp.o(i.CRYP_KeyInit) for CRYP_KeyInit
    stm32f4xx_cryp_aes.o(i.CRYP_AES_CBC) refers to stm32f4xx_cryp.o(i.CRYP_Init) for CRYP_Init
    stm32f4xx_cryp_aes.o(i.CRYP_AES_CBC) refers to stm32f4xx_cryp.o(i.CRYP_IVInit) for CRYP_IVInit
    stm32f4xx_cryp_aes.o(i.CRYP_AES_CBC) refers to stm32f4xx_cryp.o(i.CRYP_FIFOFlush) for CRYP_FIFOFlush
    stm32f4xx_cryp_aes.o(i.CRYP_AES_CBC) refers to stm32f4xx_cryp.o(i.CRYP_Cmd) for CRYP_Cmd
    stm32f4xx_cryp_aes.o(i.CRYP_AES_CBC) refers to stm32f4xx_cryp.o(i.CRYP_GetCmdStatus) for CRYP_GetCmdStatus
    stm32f4xx_cryp_aes.o(i.CRYP_AES_CBC) refers to stm32f4xx_cryp.o(i.CRYP_GetFlagStatus) for CRYP_GetFlagStatus
    stm32f4xx_cryp_aes.o(i.CRYP_AES_CBC) refers to stm32f4xx_cryp.o(i.CRYP_DataIn) for CRYP_DataIn
    stm32f4xx_cryp_aes.o(i.CRYP_AES_CBC) refers to stm32f4xx_cryp.o(i.CRYP_DataOut) for CRYP_DataOut
    stm32f4xx_cryp_aes.o(i.CRYP_AES_CCM) refers to stm32f4xx_cryp.o(i.CRYP_KeyStructInit) for CRYP_KeyStructInit
    stm32f4xx_cryp_aes.o(i.CRYP_AES_CCM) refers to stm32f4xx_cryp.o(i.CRYP_FIFOFlush) for CRYP_FIFOFlush
    stm32f4xx_cryp_aes.o(i.CRYP_AES_CCM) refers to stm32f4xx_cryp.o(i.CRYP_KeyInit) for CRYP_KeyInit
    stm32f4xx_cryp_aes.o(i.CRYP_AES_CCM) refers to stm32f4xx_cryp.o(i.CRYP_IVInit) for CRYP_IVInit
    stm32f4xx_cryp_aes.o(i.CRYP_AES_CCM) refers to stm32f4xx_cryp.o(i.CRYP_Init) for CRYP_Init
    stm32f4xx_cryp_aes.o(i.CRYP_AES_CCM) refers to stm32f4xx_cryp.o(i.CRYP_PhaseConfig) for CRYP_PhaseConfig
    stm32f4xx_cryp_aes.o(i.CRYP_AES_CCM) refers to stm32f4xx_cryp.o(i.CRYP_DataIn) for CRYP_DataIn
    stm32f4xx_cryp_aes.o(i.CRYP_AES_CCM) refers to stm32f4xx_cryp.o(i.CRYP_Cmd) for CRYP_Cmd
    stm32f4xx_cryp_aes.o(i.CRYP_AES_CCM) refers to stm32f4xx_cryp.o(i.CRYP_GetCmdStatus) for CRYP_GetCmdStatus
    stm32f4xx_cryp_aes.o(i.CRYP_AES_CCM) refers to stm32f4xx_cryp.o(i.CRYP_GetFlagStatus) for CRYP_GetFlagStatus
    stm32f4xx_cryp_aes.o(i.CRYP_AES_CCM) refers to stm32f4xx_cryp.o(i.CRYP_DataOut) for CRYP_DataOut
    stm32f4xx_cryp_aes.o(i.CRYP_AES_CTR) refers to stm32f4xx_cryp.o(i.CRYP_KeyStructInit) for CRYP_KeyStructInit
    stm32f4xx_cryp_aes.o(i.CRYP_AES_CTR) refers to stm32f4xx_cryp.o(i.CRYP_KeyInit) for CRYP_KeyInit
    stm32f4xx_cryp_aes.o(i.CRYP_AES_CTR) refers to stm32f4xx_cryp.o(i.CRYP_Init) for CRYP_Init
[...]
    ..\\..\\Libraries\\STM32F4xx_StdPeriph_Driver\\src\\stm32f4xx_hash_sha1.c 0x00000000   Number         0  stm32f4xx_hash_sha1.o ABSOLUTE
    ..\\..\\Libraries\\STM32F4xx_StdPeriph_Driver\\src\\stm32f4xx_i2c.c 0x00000000   Number         0  stm32f4xx_i2c.o ABSOLUTE
    ..\\..\\Libraries\\STM32F4xx_StdPeriph_Driver\\src\\stm32f4xx_iwdg.c 0x00000000   Number         0  stm32f4xx_iwdg.o ABSOLUTE
    ..\\..\\Libraries\\STM32F4xx_StdPeriph_Driver\\src\\stm32f4xx_pwr.c 0x00000000   Number         0  stm32f4xx_pwr.o ABSOLUTE
    ..\\..\\Libraries\\STM32F4xx_StdPeriph_Driver\\src\\stm32f4xx_qspi.c 0x00000000   Number         0  stm32f4xx_qspi.o ABSOLUTE
    ..\\..\\Libraries\\STM32F4xx_StdPeriph_Driver\\src\\stm32f4xx_rcc.c 0x00000000   Number         0  stm32f4xx_rcc.o ABSOLUTE
    ..\\..\\Libraries\\STM32F4xx_StdPeriph_Driver\\src\\stm32f4xx_rng.c 0x00000000   Number         0  stm32f4xx_rng.o ABSOLUTE
    ..\\..\\Libraries\\STM32F4xx_StdPeriph_Driver\\src\\stm32f4xx_rtc.c 0x00000000   Number         0  stm32f4xx_rtc.o ABSOLUTE
    ..\\..\\Libraries\\STM32F4xx_StdPeriph_Driver\\src\\stm32f4xx_sai.c 0x00000000   Number         0  stm32f4xx_sai.o ABSOLUTE
    ..\\..\\Libraries\\STM32F4xx_StdPeriph_Driver\\src\\stm32f4xx_sdio.c 0x00000000   Number         0  stm32f4xx_sdio.o ABSOLUTE
    ..\\..\\Libraries\\STM32F4xx_StdPeriph_Driver\\src\\stm32f4xx_spdifrx.c 0x00000000   Number         0  stm32f4xx_spdifrx.o ABSOLUTE
    ..\\..\\Libraries\\STM32F4xx_StdPeriph_Driver\\src\\stm32f4xx_spi.c 0x00000000   Number         0  stm32f4xx_spi.o ABSOLUTE
    ..\\..\\Libraries\\STM32F4xx_StdPeriph_Driver\\src\\stm32f4xx_syscfg.c 0x00000000   Number         0  stm32f4xx_syscfg.o ABSOLUTE
    ..\\..\\Libraries\\STM32F4xx_StdPeriph_Driver\\src\\stm32f4xx_tim.c 0x00000000   Number         0  stm32f4xx_tim.o ABSOLUTE
    ..\\..\\Libraries\\STM32F4xx_StdPeriph_Driver\\src\\stm32f4xx_usart.c 0x00000000   Number         0  stm32f4xx_usart.o ABSOLUTE
    ..\\..\\Libraries\\STM32F4xx_StdPeriph_Driver\\src\\stm32f4xx_wwdg.c 0x00000000   Number         0  stm32f4xx_wwdg.o ABSOLUTE
    ..\\..\\User\\BSP\\gps\\gps_config.c     0x00000000   Number         0  gps_config.o ABSOLUTE
    ..\\..\\User\\BSP\\led\\bsp_led.c        0x00000000   Number         0  bsp_led_1.o ABSOLUTE
    ..\\..\\User\\BSP\\usart\\bsp_debug_usart.c 0x00000000   Number         0  bsp_debug_usart.o ABSOLUTE
    ..\\..\\User\\FATFS\\diskio.c            0x00000000   Number         0  diskio.o ABSOLUTE
    ..\\..\\User\\FATFS\\drivers\\fatfs_flash_spi.c 0x00000000   Number         0  fatfs_flash_spi.o ABSOLUTE
    ..\\..\\User\\FATFS\\drivers\\fatfs_sd_sdio.c 0x00000000   Number         0  fatfs_sd_sdio.o ABSOLUTE
    ..\\..\\User\\adis\\bsp_spi_adis.c       0x00000000   Number         0  bsp_spi_adis.o ABSOLUTE
    ..\\..\\User\\attitude_solution\\attitude_solution.c 0x00000000   Number         0  attitude_solution.o ABSOLUTE
    ..\\..\\User\\exit\\bsp_exti.c           0x00000000   Number         0  bsp_exti.o ABSOLUTE
    ..\\..\\User\\main.c                     0x00000000   Number         0  main.o ABSOLUTE
    ..\\..\\User\\nema_decode_test.c         0x00000000   Number         0  nema_decode_test.o ABSOLUTE
    ..\\..\\User\\stm32f4xx_it.c             0x00000000   Number         0  stm32f4xx_it.o ABSOLUTE
    ..\\..\\User\\systick\\bsp_SysTick.c     0x00000000   Number         0  bsp_systick.o ABSOLUTE
    cdcmple.s                                0x00000000   Number         0  cdcmple.o ABSOLUTE
    cdrcmple.s                               0x00000000   Number         0  cdrcmple.o ABSOLUTE
    dc.s                                     0x00000000   Number         0  dc.o ABSOLUTE
    handlers.s                               0x00000000   Number         0  handlers.o ABSOLUTE
    init.s                                   0x00000000   Number         0  init.o ABSOLUTE
    RESET                                    0x08000000   Section      392  startup_stm32f40xx.o(RESET)
    .ARM.Collect$$$$00000000                 0x08000188   Section        0  entry.o(.ARM.Collect$$$$00000000)
    .ARM.Collect$$$$00000001                 0x08000188   Section        4  entry2.o(.ARM.Collect$$$$00000001)
    .ARM.Collect$$$$00000004                 0x0800018c   Section        4  entry5.o(.ARM.Collect$$$$00000004)
    .ARM.Collect$$$$00000008                 0x08000190   Section        0  entry7b.o(.ARM.Collect$$$$00000008)
    .ARM.Collect$$$$0000000A                 0x08000190   Section        0  entry8b.o(.ARM.Collect$$$$0000000A)
    .ARM.Collect$$$$0000000B                 0x08000190   Section        8  entry9a.o(.ARM.Collect$$$$0000000B)
    .ARM.Collect$$$$0000000D                 0x08000198   Section        0  entry10a.o(.ARM.Collect$$$$0000000D)
    .ARM.Collect$$$$0000000F                 0x08000198   Section        0  entry11a.o(.ARM.Collect$$$$0000000F)
    .ARM.Collect$$$$00002712                 0x08000198   Section        4  entry2.o(.ARM.Collect$$$$00002712)
    __lit__00000000                          0x08000198   Data           4  entry2.o(.ARM.Collect$$$$00002712)
    .text                                    0x0800019c   Section       36  startup_stm32f40xx.o(.text)
    $v0                                      0x0800019c   Number         0  startup_stm32f40xx.o(.text)
    .text                                    0x080001c0   Section        0  uldiv.o(.text)
    .text                                    0x08000224   Section        0  ctype_o.o(.text)
    .text                                    0x0800022c   Section        0  isspace_o.o(.text)
    .text                                    0x0800023e   Section        0  memcpya.o(.text)
    .text                                    0x08000262   Section        0  memseta.o(.text)
    .text                                    0x08000286   Section        0  strlen.o(.text)
    .text                                    0x08000294   Section        0  memchr.o(.text)
    .text                                    0x080002a8   Section        0  memcmp.o(.text)
    .text                                    0x080002c2   Section        0  strtol.o(.text)
    .text                                    0x08000332   Section        0  dadd.o(.text)
    .text                                    0x08000480   Section        0  dmul.o(.text)
    .text                                    0x08000564   Section        0  ddiv.o(.text)
    .text                                    0x08000642   Section        0  dflti.o(.text)
    .text                                    0x08000664   Section        0  dfixi.o(.text)
    .text                                    0x080006a2   Section        0  f2d.o(.text)
    .text                                    0x080006c8   Section       48  cdrcmple.o(.text)
    .text                                    0x080006f8   Section        0  d2f.o(.text)
    .text                                    0x08000730   Section        0  uidiv.o(.text)
    .text                                    0x0800075c   Section        0  llshl.o(.text)
    .text                                    0x0800077a   Section        0  llushr.o(.text)
    .text                                    0x0800079a   Section        0  llsshr.o(.text)
    .text                                    0x080007be   Section        0  _strtoul.o(.text)
    .text                                    0x0800085c   Section        0  strtod.o(.text)
    _local_sscanf                            0x0800085d   Thumb Code    54  strtod.o(.text)
    .text                                    0x080008f8   Section        0  fepilogue.o(.text)
    .text                                    0x080008f8   Section        0  iusefp.o(.text)
    .text                                    0x08000966   Section        0  depilogue.o(.text)
    .text                                    0x08000a20   Section        0  dfixul.o(.text)
    .text                                    0x08000a50   Section       36  init.o(.text)
    .text                                    0x08000a74   Section        0  _chval.o(.text)
    .text                                    0x08000a90   Section        0  scanf_fp.o(.text)
    _fp_value                                0x08000a91   Thumb Code   256  scanf_fp.o(.text)
    .text                                    0x08000dc8   Section        0  _sgetc.o(.text)
    .text                                    0x08000e08   Section        0  dfltul.o(.text)
    i.ADIS16465ReadAcc                       0x08000e20   Section        0  bsp_spi_adis.o(i.ADIS16465ReadAcc)
    i.ADIS16465ReadGyro                      0x08000eea   Section        0  bsp_spi_adis.o(i.ADIS16465ReadGyro)
    i.ADIS16465TransData                     0x08000fb4   Section        0  bsp_spi_adis.o(i.ADIS16465TransData)
    i.ADIS16465_Init                         0x08001078   Section        0  bsp_spi_adis.o(i.ADIS16465_Init)
    i.ADIS_Error_Flag_Indicators             0x080010f0   Section        0  bsp_spi_adis.o(i.ADIS_Error_Flag_Indicators)
    i.ADIS_ReadAccBiasData                   0x0800141c   Section        0  bsp_spi_adis.o(i.ADIS_ReadAccBiasData)
    i.ADIS_ReadAccData                       0x08001484   Section        0  bsp_spi_adis.o(i.ADIS_ReadAccData)
    i.ADIS_ReadGyroBiasData                  0x080014ec   Section        0  bsp_spi_adis.o(i.ADIS_ReadGyroBiasData)
    i.ADIS_ReadGyroData                      0x08001554   Section        0  bsp_spi_adis.o(i.ADIS_ReadGyroData)
    i.ADIS_ReadReg                           0x080015bc   Section        0  bsp_spi_adis.o(i.ADIS_ReadReg)
    i.ADIS_WriteReg                          0x080015fc   Section        0  bsp_spi_adis.o(i.ADIS_WriteReg)
    i.BusFault_Handler                       0x08001648   Section        0  stm32f4xx_it.o(i.BusFault_Handler)
    i.DMA1_Stream5_IRQHandler                0x0800164a   Section        0  stm32f4xx_it.o(i.DMA1_Stream5_IRQHandler)
    i.DMA2_Stream3_IRQHandler                0x0800164e   Section        0  fatfs_sd_sdio.o(i.DMA2_Stream3_IRQHandler)
    i.DMA_ClearFlag                          0x08001654   Section        0  stm32f4xx_dma.o(i.DMA_ClearFlag)
    i.DMA_ClearITPendingBit                  0x08001680   Section        0  stm32f4xx_dma.o(i.DMA_ClearITPendingBit)
    i.DMA_Cmd                                0x080016ac   Section        0  stm32f4xx_dma.o(i.DMA_Cmd)
    i.DMA_DeInit                             0x080016c4   Section        0  stm32f4xx_dma.o(i.DMA_DeInit)
    i.DMA_GetCmdStatus                       0x080017f0   Section        0  stm32f4xx_dma.o(i.DMA_GetCmdStatus)
    i.DMA_GetITStatus                        0x08001800   Section        0  stm32f4xx_dma.o(i.DMA_GetITStatus)
    i.DMA_ITConfig                           0x08001854   Section        0  stm32f4xx_dma.o(i.DMA_ITConfig)
    i.DMA_Init                               0x08001888   Section        0  stm32f4xx_dma.o(i.DMA_Init)
    i.DebugMon_Handler                       0x080018dc   Section        0  stm32f4xx_it.o(i.DebugMon_Handler)
    i.Debug_USART_Config                     0x080018e0   Section        0  bsp_debug_usart.o(i.Debug_USART_Config)
    i.Delay_ms                               0x08001978   Section        0  bsp_systick.o(i.Delay_ms)
    i.Delay_us                               0x0800198c   Section        0  main.o(i.Delay_us)
    i.EXTI3_IRQHandler                       0x08001998   Section        0  stm32f4xx_it.o(i.EXTI3_IRQHandler)
    i.EXTI_ClearITPendingBit                 0x080019bc   Section        0  stm32f4xx_exti.o(i.EXTI_ClearITPendingBit)
    i.EXTI_Config                            0x080019c8   Section        0  bsp_exti.o(i.EXTI_Config)
    i.EXTI_GetITStatus                       0x08001a18   Section        0  stm32f4xx_exti.o(i.EXTI_GetITStatus)
    i.EXTI_Init                              0x08001a2c   Section        0  stm32f4xx_exti.o(i.EXTI_Init)
    i.GMTconvert                             0x08001aa0   Section        0  gps_config.o(i.GMTconvert)
    i.GPIO_Init                              0x08001be4   Section        0  stm32f4xx_gpio.o(i.GPIO_Init)
    i.GPIO_PinAFConfig                       0x08001c60   Section        0  stm32f4xx_gpio.o(i.GPIO_PinAFConfig)
    i.GPS_Config                             0x08001c80   Section        0  gps_config.o(i.GPS_Config)
    i.GPS_DMA_Config                         0x08001c90   Section        0  gps_config.o(i.GPS_DMA_Config)
    GPS_DMA_Config                           0x08001c91   Thumb Code   138  gps_config.o(i.GPS_DMA_Config)
    i.GPS_Interrupt_Config                   0x08001d28   Section        0  gps_config.o(i.GPS_Interrupt_Config)
    GPS_Interrupt_Config                     0x08001d29   Thumb Code    40  gps_config.o(i.GPS_Interrupt_Config)
    i.GPS_ProcessDMAIRQ                      0x08001d50   Section        0  gps_config.o(i.GPS_ProcessDMAIRQ)
    i.GPS_USART_Config                       0x08001da4   Section        0  gps_config.o(i.GPS_USART_Config)
    GPS_USART_Config                         0x08001da5   Thumb Code   142  gps_config.o(i.GPS_USART_Config)
    i.Global_Commands                        0x08001e3c   Section        0  bsp_spi_adis.o(i.Global_Commands)
    i.HardFault_Handler                      0x08001e74   Section        0  stm32f4xx_it.o(i.HardFault_Handler)
    i.IMU_update                             0x08001e78   Section        0  attitude_solution.o(i.IMU_update)
    i.IsLeapYear                             0x08001ee4   Section        0  gps_config.o(i.IsLeapYear)
    IsLeapYear                               0x08001ee5   Thumb Code    44  gps_config.o(i.IsLeapYear)
    i.LED_GPIO_Config                        0x08001f10   Section        0  bsp_led_1.o(i.LED_GPIO_Config)
    i.MemManage_Handler                      0x08001f68   Section        0  stm32f4xx_it.o(i.MemManage_Handler)
    i.NMI_Handler                            0x08001f6a   Section        0  stm32f4xx_it.o(i.NMI_Handler)
    i.NVIC_Configuration                     0x08001f6c   Section        0  bsp_exti.o(i.NVIC_Configuration)
    NVIC_Configuration                       0x08001f6d   Thumb Code    38  bsp_exti.o(i.NVIC_Configuration)
    i.NVIC_Init                              0x08001f94   Section        0  misc.o(i.NVIC_Init)
    i.NVIC_PriorityGroupConfig               0x08001ffc   Section        0  misc.o(i.NVIC_PriorityGroupConfig)
    i.PendSV_Handler                         0x08002010   Section        0  stm32f4xx_it.o(i.PendSV_Handler)
    i.RCC_AHB1PeriphClockCmd                 0x08002014   Section        0  stm32f4xx_rcc.o(i.RCC_AHB1PeriphClockCmd)
    i.RCC_APB1PeriphClockCmd                 0x08002030   Section        0  stm32f4xx_rcc.o(i.RCC_APB1PeriphClockCmd)
    i.RCC_APB2PeriphClockCmd                 0x0800204c   Section        0  stm32f4xx_rcc.o(i.RCC_APB2PeriphClockCmd)
    i.RCC_GetClocksFreq                      0x08002068   Section        0  stm32f4xx_rcc.o(i.RCC_GetClocksFreq)
    i.SDIO_ClearITPendingBit                 0x0800210c   Section        0  stm32f4xx_sdio.o(i.SDIO_ClearITPendingBit)
    i.SDIO_GetITStatus                       0x08002118   Section        0  stm32f4xx_sdio.o(i.SDIO_GetITStatus)
    i.SDIO_IRQHandler                        0x0800212c   Section        0  fatfs_sd_sdio.o(i.SDIO_IRQHandler)
    i.SDIO_ITConfig                          0x08002130   Section        0  stm32f4xx_sdio.o(i.SDIO_ITConfig)
    i.SD_ProcessDMAIRQ                       0x0800214c   Section        0  fatfs_sd_sdio.o(i.SD_ProcessDMAIRQ)
    i.SD_ProcessIRQSrc                       0x08002174   Section        0  fatfs_sd_sdio.o(i.SD_ProcessIRQSrc)
    i.SPI_ADIS_Init                          0x0800220c   Section        0  bsp_spi_adis.o(i.SPI_ADIS_Init)
    i.SPI_ADIS_SendHalfWord                  0x080022e4   Section        0  bsp_spi_adis.o(i.SPI_ADIS_SendHalfWord)
    i.SPI_Cmd                                0x08002350   Section        0  stm32f4xx_spi.o(i.SPI_Cmd)
    i.SPI_I2S_GetFlagStatus                  0x08002368   Section        0  stm32f4xx_spi.o(i.SPI_I2S_GetFlagStatus)
    i.SPI_I2S_ReceiveData                    0x08002376   Section        0  stm32f4xx_spi.o(i.SPI_I2S_ReceiveData)
    i.SPI_I2S_SendData                       0x0800237a   Section        0  stm32f4xx_spi.o(i.SPI_I2S_SendData)
    i.SPI_Init                               0x0800237e   Section        0  stm32f4xx_spi.o(i.SPI_Init)
    i.SPI_TIMEOUT_UserCallback               0x080023b8   Section        0  bsp_spi_adis.o(i.SPI_TIMEOUT_UserCallback)
    SPI_TIMEOUT_UserCallback                 0x080023b9   Thumb Code    14  bsp_spi_adis.o(i.SPI_TIMEOUT_UserCallback)
    i.SVC_Handler                            0x080023f8   Section        0  stm32f4xx_it.o(i.SVC_Handler)
    i.SYSCFG_EXTILineConfig                  0x080023fc   Section        0  stm32f4xx_syscfg.o(i.SYSCFG_EXTILineConfig)
    i.SetSysClock                            0x08002428   Section        0  system_stm32f4xx.o(i.SetSysClock)
    SetSysClock                              0x08002429   Thumb Code   168  system_stm32f4xx.o(i.SetSysClock)
    i.SysTick_Handler                        0x080024e0   Section        0  stm32f4xx_it.o(i.SysTick_Handler)
    i.SysTick_Init                           0x08002504   Section        0  bsp_systick.o(i.SysTick_Init)
    i.SystemInit                             0x08002544   Section        0  system_stm32f4xx.o(i.SystemInit)
    i.TimingDelay_Decrement                  0x080025a0   Section        0  bsp_systick.o(i.TimingDelay_Decrement)
    i.USART_Cmd                              0x080025b4   Section        0  stm32f4xx_usart.o(i.USART_Cmd)
    i.USART_DMACmd                           0x080025cc   Section        0  stm32f4xx_usart.o(i.USART_DMACmd)
    i.USART_GetFlagStatus                    0x080025e0   Section        0  stm32f4xx_usart.o(i.USART_GetFlagStatus)
    i.USART_Init                             0x080025f0   Section        0  stm32f4xx_usart.o(i.USART_Init)
    i.USART_SendData                         0x080026ac   Section        0  stm32f4xx_usart.o(i.USART_SendData)
    i.UsageFault_Handler                     0x080026b4   Section        0  stm32f4xx_it.o(i.UsageFault_Handler)
    i.__0printf                              0x080026b8   Section        0  printfa.o(i.__0printf)
    i.__0vsnprintf                           0x080026d8   Section        0  printfa.o(i.__0vsnprintf)
    i.__aeabi_errno_addr                     0x080026fc   Section        0  errno.o(i.__aeabi_errno_addr)
    i.__hardfp_strtod                        0x08002708   Section        0  strtod.o(i.__hardfp_strtod)
    i.__scatterload_copy                     0x08002730   Section       14  handlers.o(i.__scatterload_copy)
    i.__scatterload_null                     0x0800273e   Section        2  handlers.o(i.__scatterload_null)
    i.__scatterload_zeroinit                 0x08002740   Section       14  handlers.o(i.__scatterload_zeroinit)
    i._fp_digits                             0x08002750   Section        0  printfa.o(i._fp_digits)
    _fp_digits                               0x08002751   Thumb Code   334  printfa.o(i._fp_digits)
    i._is_digit                              0x080028b4   Section        0  scanf_fp.o(i._is_digit)
    i._nmea_parse_time                       0x080028c4   Section        0  parse.o(i._nmea_parse_time)
    i._printf_core                           0x08002964   Section        0  printfa.o(i._printf_core)
    _printf_core                             0x08002965   Thumb Code  1744  printfa.o(i._printf_core)
    i._printf_post_padding                   0x08003040   Section        0  printfa.o(i._printf_post_padding)
    _printf_post_padding                     0x08003041   Thumb Code    36  printfa.o(i._printf_post_padding)
    i._printf_pre_padding                    0x08003064   Section        0  printfa.o(i._printf_pre_padding)
    _printf_pre_padding                      0x08003065   Thumb Code    46  printfa.o(i._printf_pre_padding)
    i._snputc                                0x08003092   Section        0  printfa.o(i._snputc)
    _snputc                                  0x08003093   Thumb Code    22  printfa.o(i._snputc)
    i.error                                  0x080030a8   Section        0  gps_config.o(i.error)
    i.fputc                                  0x080030ac   Section        0  bsp_debug_usart.o(i.fputc)
    i.free                                   0x080030d0   Section        0  malloc.o(i.free)
    i.gps_info                               0x08003120   Section        0  gps_config.o(i.gps_info)
    i.main                                   0x08003124   Section        0  main.o(i.main)
    i.malloc                                 0x08003200   Section        0  malloc.o(i.malloc)
    i.nmea_BDGSA2info                        0x0800326c   Section        0  parse.o(i.nmea_BDGSA2info)
    i.nmea_BDGSV2info                        0x080032d6   Section        0  parse.o(i.nmea_BDGSV2info)
    i.nmea_GNGGA2info                        0x0800334a   Section        0  parse.o(i.nmea_GNGGA2info)
    i.nmea_GNGLL2info                        0x080033be   Section        0  parse.o(i.nmea_GNGLL2info)
    i.nmea_GNRMC2info                        0x08003448   Section        0  parse.o(i.nmea_GNRMC2info)
    i.nmea_GNVTG2info                        0x080034fc   Section        0  parse.o(i.nmea_GNVTG2info)
    i.nmea_GNZDA2info                        0x0800352e   Section        0  parse.o(i.nmea_GNZDA2info)
    i.nmea_GPGGA2info                        0x08003546   Section        0  parse.o(i.nmea_GPGGA2info)
    i.nmea_GPGSA2info                        0x080035b6   Section        0  parse.o(i.nmea_GPGSA2info)
    i.nmea_GPGSV2info                        0x0800361e   Section        0  parse.o(i.nmea_GPGSV2info)
    i.nmea_GPRMC2info                        0x08003690   Section        0  parse.o(i.nmea_GPRMC2info)
    i.nmea_GPTXT2info                        0x08003734   Section        0  parse.o(i.nmea_GPTXT2info)
    i.nmea_GPVTG2info                        0x080037c4   Section        0  parse.o(i.nmea_GPVTG2info)
    i.nmea_atof                              0x080037e8   Section        0  tok.o(i.nmea_atof)
    i.nmea_atoi                              0x0800381c   Section        0  tok.o(i.nmea_atoi)
    i.nmea_decode_test                       0x0800384c   Section        0  nema_decode_test.o(i.nmea_decode_test)
    i.nmea_error                             0x08003928   Section        0  context.o(i.nmea_error)
    i.nmea_find_tail                         0x08003966   Section        0  parse.o(i.nmea_find_tail)
    i.nmea_info                              0x080039e2   Section        0  context.o(i.nmea_info)
    i.nmea_ndeg2degree                       0x08003a20   Section        0  gmath.o(i.nmea_ndeg2degree)
    i.nmea_pack_type                         0x08003a8c   Section        0  parse.o(i.nmea_pack_type)
    i.nmea_parse                             0x08003b90   Section        0  parser.o(i.nmea_parse)
    i.nmea_parse_BDGSA                       0x08003c88   Section        0  parse.o(i.nmea_parse_BDGSA)
    i.nmea_parse_BDGSV                       0x08003d5c   Section        0  parse.o(i.nmea_parse_BDGSV)
    i.nmea_parse_GNGGA                       0x08003e18   Section        0  parse.o(i.nmea_parse_GNGGA)
    i.nmea_parse_GNGLL                       0x08003f0c   Section        0  parse.o(i.nmea_parse_GNGLL)
    i.nmea_parse_GNRMC                       0x08003fcc   Section        0  parse.o(i.nmea_parse_GNRMC)
    i.nmea_parse_GNVTG                       0x080040c4   Section        0  parse.o(i.nmea_parse_GNVTG)
    i.nmea_parse_GNZDA                       0x080041a8   Section        0  parse.o(i.nmea_parse_GNZDA)
    i.nmea_parse_GPGGA                       0x08004268   Section        0  parse.o(i.nmea_parse_GPGGA)
    i.nmea_parse_GPGSA                       0x0800435c   Section        0  parse.o(i.nmea_parse_GPGSA)
    i.nmea_parse_GPGSV                       0x08004430   Section        0  parse.o(i.nmea_parse_GPGSV)
    i.nmea_parse_GPRMC                       0x080044ec   Section        0  parse.o(i.nmea_parse_GPRMC)
    i.nmea_parse_GPTXT                       0x080045e4   Section        0  parse.o(i.nmea_parse_GPTXT)
    i.nmea_parse_GPVTG                       0x08004658   Section        0  parse.o(i.nmea_parse_GPVTG)
    i.nmea_parser_buff_clear                 0x08004734   Section        0  parser.o(i.nmea_parser_buff_clear)
    i.nmea_parser_init                       0x0800473c   Section        0  parser.o(i.nmea_parser_init)
    i.nmea_parser_pop                        0x0800478c   Section        0  parser.o(i.nmea_parser_pop)
    i.nmea_parser_push                       0x080047b0   Section        0  parser.o(i.nmea_parser_push)
    i.nmea_parser_real_push                  0x080047dc   Section        0  parser.o(i.nmea_parser_real_push)
    i.nmea_property                          0x08004bdc   Section        0  context.o(i.nmea_property)
    i.nmea_scanf                             0x08004be4   Section        0  tok.o(i.nmea_scanf)
    i.nmea_time_now                          0x08004d98   Section        0  time.o(i.nmea_time_now)
    i.nmea_trace_buff                        0x08004dae   Section        0  context.o(i.nmea_trace_buff)
    i.nmea_zero_INFO                         0x08004dca   Section        0  info.o(i.nmea_zero_INFO)
    i.trace                                  0x08004de8   Section        0  gps_config.o(i.trace)
    .constdata                               0x08004dea   Section      129  ctype_o.o(.constdata)
    .constdata                               0x08004e6c   Section        4  ctype_o.o(.constdata)
    table                                    0x08004e6c   Data           4  ctype_o.o(.constdata)
    .conststring                             0x08004e70   Section      399  bsp_spi_adis.o(.conststring)
    .conststring                             0x08005000   Section      238  parse.o(.conststring)
    .data                                    0x20000000   Section       20  system_stm32f4xx.o(.data)
    .data                                    0x20000014   Section       16  stm32f4xx_rcc.o(.data)
    APBAHBPrescTable                         0x20000014   Data          16  stm32f4xx_rcc.o(.data)
    .data                                    0x20000028   Section       24  main.o(.data)
    .data                                    0x20000040   Section        4  bsp_spi_adis.o(.data)
    SPITimeout                               0x20000040   Data           4  bsp_spi_adis.o(.data)
    .data                                    0x20000044   Section        8  bsp_systick.o(.data)
    g_ul_ms_ticks                            0x20000044   Data           4  bsp_systick.o(.data)
    TimingDelay                              0x20000048   Data           4  bsp_systick.o(.data)
    .data                                    0x2000004c   Section        2  gps_config.o(.data)
    .data                                    0x20000050   Section       24  fatfs_sd_sdio.o(.data)
    TM_FATFS_SD_SDIO_Stat                    0x20000051   Data           1  fatfs_sd_sdio.o(.data)
    CardType                                 0x20000054   Data           4  fatfs_sd_sdio.o(.data)
    RCA                                      0x20000058   Data           4  fatfs_sd_sdio.o(.data)
    .data                                    0x20000068   Section       16  context.o(.data)
    prop                                     0x20000068   Data          16  context.o(.data)
    .data                                    0x20000078   Section       52  parse.o(.data)
    pheads                                   0x20000078   Data          52  parse.o(.data)
    .data                                    0x200000ac   Section        4  stdout.o(.data)
    .data                                    0x200000b0   Section        4  mvars.o(.data)
    .data                                    0x200000b4   Section        4  mvars.o(.data)
    .data                                    0x200000b8   Section        4  errno.o(.data)
    _errno                                   0x200000b8   Data           4  errno.o(.data)
    .bss                                     0x200000bc   Section       12  main.o(.bss)
    .bss                                     0x200000c8   Section       48  main.o(.bss)
    .bss                                     0x200000f8   Section      512  gps_config.o(.bss)
    .bss                                     0x200002f8   Section      256  parse.o(.bss)
    HEAP                                     0x200003f8   Section     4096  startup_stm32f40xx.o(HEAP)
    STACK                                    0x200013f8   Section    16384  startup_stm32f40xx.o(STACK)

    Global Symbols

    Symbol Name                              Value     Ov Type        Size  Object(Section)

    BuildAttributes$$THM_ISAv4$E$P$D$K$B$S$7EM$VFPi3$EXTD16$VFPS$VFMA$PE$A:L22UL41UL21$X:L11$S22US41US21$IEEE1$IW$USESV6$~STKCKD$USESV7$~SHL$OTIME$ROPI$IEEEX$EBA8$MICROLIB$REQ8$PRES8$EABIv2 0x00000000   Number         0  anon$$obj.o ABSOLUTE
    __ARM_use_no_argv                        0x00000000   Number         0  main.o ABSOLUTE
    _printf_a                                0x00000000   Number         0  stubs.o ABSOLUTE
    _printf_c                                0x00000000   Number         0  stubs.o ABSOLUTE
    _printf_charcount                        0x00000000   Number         0  stubs.o ABSOLUTE
    _printf_d                                0x00000000   Number         0  stubs.o ABSOLUTE
    _printf_e                                0x00000000   Number         0  stubs.o ABSOLUTE
    _printf_f                                0x00000000   Number         0  stubs.o ABSOLUTE
    _printf_flags                            0x00000000   Number         0  stubs.o ABSOLUTE
    _printf_fp_dec                           0x00000000   Number         0  stubs.o ABSOLUTE
    _printf_fp_hex                           0x00000000   Number         0  stubs.o ABSOLUTE
    _printf_g                                0x00000000   Number         0  stubs.o ABSOLUTE
    _printf_i                                0x00000000   Number         0  stubs.o ABSOLUTE
    _printf_int_dec                          0x00000000   Number         0  stubs.o ABSOLUTE
    _printf_l                                0x00000000   Number         0  stubs.o ABSOLUTE
    _printf_lc                               0x00000000   Number         0  stubs.o ABSOLUTE
    _printf_ll                               0x00000000   Number         0  stubs.o ABSOLUTE
    _printf_lld                              0x00000000   Number         0  stubs.o ABSOLUTE
    _printf_lli                              0x00000000   Number         0  stubs.o ABSOLUTE
    _printf_llo                              0x00000000   Number         0  stubs.o ABSOLUTE
    _printf_llu                              0x00000000   Number         0  stubs.o ABSOLUTE
    _printf_llx                              0x00000000   Number         0  stubs.o ABSOLUTE
    _printf_longlong_dec                     0x00000000   Number         0  stubs.o ABSOLUTE
    _printf_longlong_hex                     0x00000000   Number         0  stubs.o ABSOLUTE
    _printf_longlong_oct                     0x00000000   Number         0  stubs.o ABSOLUTE
    _printf_ls                               0x00000000   Number         0  stubs.o ABSOLUTE
    _printf_mbtowc                           0x00000000   Number         0  stubs.o ABSOLUTE
    _printf_n                                0x00000000   Number         0  stubs.o ABSOLUTE
    _printf_o                                0x00000000   Number         0  stubs.o ABSOLUTE
    _printf_p                                0x00000000   Number         0  stubs.o ABSOLUTE
    _printf_percent                          0x00000000   Number         0  stubs.o ABSOLUTE
    _printf_pre_padding                      0x00000000   Number         0  stubs.o ABSOLUTE
    _printf_return_value                     0x00000000   Number         0  stubs.o ABSOLUTE
    _printf_s                                0x00000000   Number         0  stubs.o ABSOLUTE
    _printf_sizespec                         0x00000000   Number         0  stubs.o ABSOLUTE
    _printf_str                              0x00000000   Number         0  stubs.o ABSOLUTE
    _printf_truncate_signed                  0x00000000   Number         0  stubs.o ABSOLUTE
    _printf_truncate_unsigned                0x00000000   Number         0  stubs.o ABSOLUTE
    _printf_u                                0x00000000   Number         0  stubs.o ABSOLUTE
    _printf_wc                               0x00000000   Number         0  stubs.o ABSOLUTE
    _printf_wctomb                           0x00000000   Number         0  stubs.o ABSOLUTE
    _printf_widthprec                        0x00000000   Number         0  stubs.o ABSOLUTE
    _printf_x                                0x00000000   Number         0  stubs.o ABSOLUTE
    __cpp_initialize__aeabi_                  - Undefined Weak Reference
    __cxa_finalize                            - Undefined Weak Reference
    __decompress                              - Undefined Weak Reference
    _clock_init                               - Undefined Weak Reference
    _microlib_exit                            - Undefined Weak Reference
    __Vectors_Size                           0x00000188   Number         0  startup_stm32f40xx.o ABSOLUTE
    __Vectors                                0x08000000   Data           4  startup_stm32f40xx.o(RESET)
    __Vectors_End                            0x08000188   Data           0  startup_stm32f40xx.o(RESET)
    __main                                   0x08000189   Thumb Code     0  entry.o(.ARM.Collect$$$$00000000)
    _main_stk                                0x08000189   Thumb Code     0  entry2.o(.ARM.Collect$$$$00000001)
    _main_scatterload                        0x0800018d   Thumb Code     0  entry5.o(.ARM.Collect$$$$00000004)
    __main_after_scatterload                 0x08000191   Thumb Code     0  entry5.o(.ARM.Collect$$$$00000004)
    _main_clock                              0x08000191   Thumb Code     0  entry7b.o(.ARM.Collect$$$$00000008)
    _main_cpp_init                           0x08000191   Thumb Code     0  entry8b.o(.ARM.Collect$$$$0000000A)
    _main_init                               0x08000191   Thumb Code     0  entry9a.o(.ARM.Collect$$$$0000000B)
    __rt_final_cpp                           0x08000199   Thumb Code     0  entry10a.o(.ARM.Collect$$$$0000000D)
    __rt_final_exit                          0x08000199   Thumb Code     0  entry11a.o(.ARM.Collect$$$$0000000F)
    Reset_Handler                            0x0800019d   Thumb Code     8  startup_stm32f40xx.o(.text)
    ADC_IRQHandler                           0x080001b7   Thumb Code     0  startup_stm32f40xx.o(.text)
    CAN1_RX0_IRQHandler                      0x080001b7   Thumb Code     0  startup_stm32f40xx.o(.text)
    CAN1_RX1_IRQHandler                      0x080001b7   Thumb Code     0  startup_stm32f40xx.o(.text)
    CAN1_SCE_IRQHandler                      0x080001b7   Thumb Code     0  startup_stm32f40xx.o(.text)
    CAN1_TX_IRQHandler                       0x080001b7   Thumb Code     0  startup_stm32f40xx.o(.text)
    CAN2_RX0_IRQHandler                      0x080001b7   Thumb Code     0  startup_stm32f40xx.o(.text)
    CAN2_RX1_IRQHandler                      0x080001b7   Thumb Code     0  startup_stm32f40xx.o(.text)
    CAN2_SCE_IRQHandler                      0x080001b7   Thumb Code     0  startup_stm32f40xx.o(.text)
    CAN2_TX_IRQHandler                       0x080001b7   Thumb Code     0  startup_stm32f40xx.o(.text)
    CRYP_IRQHandler                          0x080001b7   Thumb Code     0  startup_stm32f40xx.o(.text)
    DCMI_IRQHandler                          0x080001b7   Thumb Code     0  startup_stm32f40xx.o(.text)
    DMA1_Stream0_IRQHandler                  0x080001b7   Thumb Code     0  startup_stm32f40xx.o(.text)
    DMA1_Stream1_IRQHandler                  0x080001b7   Thumb Code     0  startup_stm32f40xx.o(.text)
    DMA1_Stream2_IRQHandler                  0x080001b7   Thumb Code     0  startup_stm32f40xx.o(.text)
    DMA1_Stream3_IRQHandler                  0x080001b7   Thumb Code     0  startup_stm32f40xx.o(.text)
    DMA1_Stream4_IRQHandler                  0x080001b7   Thumb Code     0  startup_stm32f40xx.o(.text)
    DMA1_Stream6_IRQHandler                  0x080001b7   Thumb Code     0  startup_stm32f40xx.o(.text)
    DMA1_Stream7_IRQHandler                  0x080001b7   Thumb Code     0  startup_stm32f40xx.o(.text)
    DMA2_Stream0_IRQHandler                  0x080001b7   Thumb Code     0  startup_stm32f40xx.o(.text)
    DMA2_Stream1_IRQHandler                  0x080001b7   Thumb Code     0  startup_stm32f40xx.o(.text)
    DMA2_Stream2_IRQHandler                  0x080001b7   Thumb Code     0  startup_stm32f40xx.o(.text)
    DMA2_Stream4_IRQHandler                  0x080001b7   Thumb Code     0  startup_stm32f40xx.o(.text)
    DMA2_Stream5_IRQHandler                  0x080001b7   Thumb Code     0  startup_stm32f40xx.o(.text)
    DMA2_Stream6_IRQHandler                  0x080001b7   Thumb Code     0  startup_stm32f40xx.o(.text)
    DMA2_Stream7_IRQHandler                  0x080001b7   Thumb Code     0  startup_stm32f40xx.o(.text)
    ETH_IRQHandler                           0x080001b7   Thumb Code     0  startup_stm32f40xx.o(.text)
    ETH_WKUP_IRQHandler                      0x080001b7   Thumb Code     0  startup_stm32f40xx.o(.text)
    EXTI0_IRQHandler                         0x080001b7   Thumb Code     0  startup_stm32f40xx.o(.text)
    EXTI15_10_IRQHandler                     0x080001b7   Thumb Code     0  startup_stm32f40xx.o(.text)
    EXTI1_IRQHandler                         0x080001b7   Thumb Code     0  startup_stm32f40xx.o(.text)
    EXTI2_IRQHandler                         0x080001b7   Thumb Code     0  startup_stm32f40xx.o(.text)
    EXTI4_IRQHandler                         0x080001b7   Thumb Code     0  startup_stm32f40xx.o(.text)
    EXTI9_5_IRQHandler                       0x080001b7   Thumb Code     0  startup_stm32f40xx.o(.text)
    FLASH_IRQHandler                         0x080001b7   Thumb Code     0  startup_stm32f40xx.o(.text)
    FPU_IRQHandler                           0x080001b7   Thumb Code     0  startup_stm32f40xx.o(.text)
    FSMC_IRQHandler                          0x080001b7   Thumb Code     0  startup_stm32f40xx.o(.text)
    HASH_RNG_IRQHandler                      0x080001b7   Thumb Code     0  startup_stm32f40xx.o(.text)
    I2C1_ER_IRQHandler                       0x080001b7   Thumb Code     0  startup_stm32f40xx.o(.text)
    I2C1_EV_IRQHandler                       0x080001b7   Thumb Code     0  startup_stm32f40xx.o(.text)
    I2C2_ER_IRQHandler                       0x080001b7   Thumb Code     0  startup_stm32f40xx.o(.text)
    I2C2_EV_IRQHandler                       0x080001b7   Thumb Code     0  startup_stm32f40xx.o(.text)
    I2C3_ER_IRQHandler                       0x080001b7   Thumb Code     0  startup_stm32f40xx.o(.text)
    I2C3_EV_IRQHandler                       0x080001b7   Thumb Code     0  startup_stm32f40xx.o(.text)
    OTG_FS_IRQHandler                        0x080001b7   Thumb Code     0  startup_stm32f40xx.o(.text)
    OTG_FS_WKUP_IRQHandler                   0x080001b7   Thumb Code     0  startup_stm32f40xx.o(.text)
    OTG_HS_EP1_IN_IRQHandler                 0x080001b7   Thumb Code     0  startup_stm32f40xx.o(.text)
    OTG_HS_EP1_OUT_IRQHandler                0x080001b7   Thumb Code     0  startup_stm32f40xx.o(.text)
    OTG_HS_IRQHandler                        0x080001b7   Thumb Code     0  startup_stm32f40xx.o(.text)
    OTG_HS_WKUP_IRQHandler                   0x080001b7   Thumb Code     0  startup_stm32f40xx.o(.text)
    PVD_IRQHandler                           0x080001b7   Thumb Code     0  startup_stm32f40xx.o(.text)
    RCC_IRQHandler                           0x080001b7   Thumb Code     0  startup_stm32f40xx.o(.text)
    RTC_Alarm_IRQHandler                     0x080001b7   Thumb Code     0  startup_stm32f40xx.o(.text)
    RTC_WKUP_IRQHandler                      0x080001b7   Thumb Code     0  startup_stm32f40xx.o(.text)
    SPI1_IRQHandler                          0x080001b7   Thumb Code     0  startup_stm32f40xx.o(.text)
    SPI2_IRQHandler                          0x080001b7   Thumb Code     0  startup_stm32f40xx.o(.text)
    SPI3_IRQHandler                          0x080001b7   Thumb Code     0  startup_stm32f40xx.o(.text)
    TAMP_STAMP_IRQHandler                    0x080001b7   Thumb Code     0  startup_stm32f40xx.o(.text)
    TIM1_BRK_TIM9_IRQHandler                 0x080001b7   Thumb Code     0  startup_stm32f40xx.o(.text)
    TIM1_CC_IRQHandler                       0x080001b7   Thumb Code     0  startup_stm32f40xx.o(.text)
    TIM1_TRG_COM_TIM11_IRQHandler            0x080001b7   Thumb Code     0  startup_stm32f40xx.o(.text)
    TIM1_UP_TIM10_IRQHandler                 0x080001b7   Thumb Code     0  startup_stm32f40xx.o(.text)
    TIM2_IRQHandler                          0x080001b7   Thumb Code     0  startup_stm32f40xx.o(.text)
    TIM3_IRQHandler                          0x080001b7   Thumb Code     0  startup_stm32f40xx.o(.text)
    TIM4_IRQHandler                          0x080001b7   Thumb Code     0  startup_stm32f40xx.o(.text)
    TIM5_IRQHandler                          0x080001b7   Thumb Code     0  startup_stm32f40xx.o(.text)
    TIM6_DAC_IRQHandler                      0x080001b7   Thumb Code     0  startup_stm32f40xx.o(.text)
    TIM7_IRQHandler                          0x080001b7   Thumb Code     0  startup_stm32f40xx.o(.text)
    TIM8_BRK_TIM12_IRQHandler                0x080001b7   Thumb Code     0  startup_stm32f40xx.o(.text)
    TIM8_CC_IRQHandler                       0x080001b7   Thumb Code     0  startup_stm32f40xx.o(.text)
    TIM8_TRG_COM_TIM14_IRQHandler            0x080001b7   Thumb Code     0  startup_stm32f40xx.o(.text)
    TIM8_UP_TIM13_IRQHandler                 0x080001b7   Thumb Code     0  startup_stm32f40xx.o(.text)
    UART4_IRQHandler                         0x080001b7   Thumb Code     0  startup_stm32f40xx.o(.text)
    UART5_IRQHandler                         0x080001b7   Thumb Code     0  startup_stm32f40xx.o(.text)
    USART1_IRQHandler                        0x080001b7   Thumb Code     0  startup_stm32f40xx.o(.text)
    USART2_IRQHandler                        0x080001b7   Thumb Code     0  startup_stm32f40xx.o(.text)
    USART3_IRQHandler                        0x080001b7   Thumb Code     0  startup_stm32f40xx.o(.text)
    USART6_IRQHandler                        0x080001b7   Thumb Code     0  startup_stm32f40xx.o(.text)
    WWDG_IRQHandler                          0x080001b7   Thumb Code     0  startup_stm32f40xx.o(.text)
    __aeabi_uldivmod                         0x080001c1   Thumb Code    98  uldiv.o(.text)
    __rt_ctype_table                         0x08000225   Thumb Code     4  ctype_o.o(.text)
    isspace                                  0x0800022d   Thumb Code    18  isspace_o.o(.text)
    __aeabi_memcpy                           0x0800023f   Thumb Code    36  memcpya.o(.text)
    __aeabi_memcpy4                          0x0800023f   Thumb Code     0  memcpya.o(.text)
    __aeabi_memcpy8                          0x0800023f   Thumb Code     0  memcpya.o(.text)
    __aeabi_memset                           0x08000263   Thumb Code    14  memseta.o(.text)
    __aeabi_memset4                          0x08000263   Thumb Code     0  memseta.o(.text)
    __aeabi_memset8                          0x08000263   Thumb Code     0  memseta.o(.text)
    __aeabi_memclr                           0x08000271   Thumb Code     4  memseta.o(.text)
    __aeabi_memclr4                          0x08000271   Thumb Code     0  memseta.o(.text)
    __aeabi_memclr8                          0x08000271   Thumb Code     0  memseta.o(.text)
    _memset$wrapper                          0x08000275   Thumb Code    18  memseta.o(.text)
    strlen                                   0x08000287   Thumb Code    14  strlen.o(.text)
    memchr                                   0x08000295   Thumb Code    20  memchr.o(.text)
    memcmp                                   0x080002a9   Thumb Code    26  memcmp.o(.text)
    strtol                                   0x080002c3   Thumb Code   112  strtol.o(.text)
    __aeabi_dadd                             0x08000333   Thumb Code   322  dadd.o(.text)
    __aeabi_dsub                             0x08000475   Thumb Code     6  dadd.o(.text)
    __aeabi_drsub                            0x0800047b   Thumb Code     6  dadd.o(.text)
    __aeabi_dmul                             0x08000481   Thumb Code   228  dmul.o(.text)
    __aeabi_ddiv                             0x08000565   Thumb Code   222  ddiv.o(.text)
    __aeabi_i2d                              0x08000643   Thumb Code    34  dflti.o(.text)
    __aeabi_d2iz                             0x08000665   Thumb Code    62  dfixi.o(.text)
    __aeabi_f2d                              0x080006a3   Thumb Code    38  f2d.o(.text)
    __aeabi_cdrcmple                         0x080006c9   Thumb Code    48  cdrcmple.o(.text)
    __aeabi_d2f                              0x080006f9   Thumb Code    56  d2f.o(.text)
    __aeabi_uidiv                            0x08000731   Thumb Code     0  uidiv.o(.text)
    __aeabi_uidivmod                         0x08000731   Thumb Code    44  uidiv.o(.text)
    __aeabi_llsl                             0x0800075d   Thumb Code    30  llshl.o(.text)
    _ll_shift_l                              0x0800075d   Thumb Code     0  llshl.o(.text)
    __aeabi_llsr                             0x0800077b   Thumb Code    32  llushr.o(.text)
    _ll_ushift_r                             0x0800077b   Thumb Code     0  llushr.o(.text)
    __aeabi_lasr                             0x0800079b   Thumb Code    36  llsshr.o(.text)
    _ll_sshift_r                             0x0800079b   Thumb Code     0  llsshr.o(.text)
    _strtoul                                 0x080007bf   Thumb Code   158  _strtoul.o(.text)
    __strtod_int                             0x08000893   Thumb Code    88  strtod.o(.text)
    __I$use$fp                               0x080008f9   Thumb Code     0  iusefp.o(.text)
    _float_round                             0x080008f9   Thumb Code    18  fepilogue.o(.text)
    _float_epilogue                          0x0800090b   Thumb Code    92  fepilogue.o(.text)
    _double_round                            0x08000967   Thumb Code    30  depilogue.o(.text)
    _double_epilogue                         0x08000985   Thumb Code   156  depilogue.o(.text)
    __aeabi_d2ulz                            0x08000a21   Thumb Code    48  dfixul.o(.text)
    __scatterload                            0x08000a51   Thumb Code    28  init.o(.text)
    __scatterload_rt2                        0x08000a51   Thumb Code     0  init.o(.text)
    _chval                                   0x08000a75   Thumb Code    28  _chval.o(.text)
    _scanf_real                              0x08000b91   Thumb Code     0  scanf_fp.o(.text)
    _scanf_really_real                       0x08000b91   Thumb Code   556  scanf_fp.o(.text)
    _sgetc                                   0x08000dc9   Thumb Code    30  _sgetc.o(.text)
    _sbackspace                              0x08000de7   Thumb Code    34  _sgetc.o(.text)
    __aeabi_ul2d                             0x08000e09   Thumb Code    24  dfltul.o(.text)
    ADIS16465ReadAcc                         0x08000e21   Thumb Code   202  bsp_spi_adis.o(i.ADIS16465ReadAcc)
    ADIS16465ReadGyro                        0x08000eeb   Thumb Code   202  bsp_spi_adis.o(i.ADIS16465ReadGyro)
    ADIS16465TransData                       0x08000fb5   Thumb Code   162  bsp_spi_adis.o(i.ADIS16465TransData)
    ADIS16465_Init                           0x08001079   Thumb Code    68  bsp_spi_adis.o(i.ADIS16465_Init)
    ADIS_Error_Flag_Indicators               0x080010f1   Thumb Code   214  bsp_spi_adis.o(i.ADIS_Error_Flag_Indicators)
    ADIS_ReadAccBiasData                     0x0800141d   Thumb Code   104  bsp_spi_adis.o(i.ADIS_ReadAccBiasData)
    ADIS_ReadAccData                         0x08001485   Thumb Code   104  bsp_spi_adis.o(i.ADIS_ReadAccData)
    ADIS_ReadGyroBiasData                    0x080014ed   Thumb Code   104  bsp_spi_adis.o(i.ADIS_ReadGyroBiasData)
    ADIS_ReadGyroData                        0x08001555   Thumb Code   104  bsp_spi_adis.o(i.ADIS_ReadGyroData)
    ADIS_ReadReg                             0x080015bd   Thumb Code    60  bsp_spi_adis.o(i.ADIS_ReadReg)
    ADIS_WriteReg                            0x080015fd   Thumb Code    70  bsp_spi_adis.o(i.ADIS_WriteReg)
    BusFault_Handler                         0x08001649   Thumb Code     2  stm32f4xx_it.o(i.BusFault_Handler)
    DMA1_Stream5_IRQHandler                  0x0800164b   Thumb Code     4  stm32f4xx_it.o(i.DMA1_Stream5_IRQHandler)
    DMA2_Stream3_IRQHandler                  0x0800164f   Thumb Code     4  fatfs_sd_sdio.o(i.DMA2_Stream3_IRQHandler)
    DMA_ClearFlag                            0x08001655   Thumb Code    32  stm32f4xx_dma.o(i.DMA_ClearFlag)
    DMA_ClearITPendingBit                    0x08001681   Thumb Code    32  stm32f4xx_dma.o(i.DMA_ClearITPendingBit)
    DMA_Cmd                                  0x080016ad   Thumb Code    24  stm32f4xx_dma.o(i.DMA_Cmd)
    DMA_DeInit                               0x080016c5   Thumb Code   278  stm32f4xx_dma.o(i.DMA_DeInit)
    DMA_GetCmdStatus                         0x080017f1   Thumb Code    14  stm32f4xx_dma.o(i.DMA_GetCmdStatus)
    DMA_GetITStatus                          0x08001801   Thumb Code    68  stm32f4xx_dma.o(i.DMA_GetITStatus)
    DMA_ITConfig                             0x08001855   Thumb Code    50  stm32f4xx_dma.o(i.DMA_ITConfig)
    DMA_Init                                 0x08001889   Thumb Code    80  stm32f4xx_dma.o(i.DMA_Init)
    DebugMon_Handler                         0x080018dd   Thumb Code     2  stm32f4xx_it.o(i.DebugMon_Handler)
    Debug_USART_Config                       0x080018e1   Thumb Code   142  bsp_debug_usart.o(i.Debug_USART_Config)
    Delay_ms                                 0x08001979   Thumb Code    16  bsp_systick.o(i.Delay_ms)
    Delay_us                                 0x0800198d   Thumb Code    10  main.o(i.Delay_us)
    EXTI3_IRQHandler                         0x08001999   Thumb Code    30  stm32f4xx_it.o(i.EXTI3_IRQHandler)
    EXTI_ClearITPendingBit                   0x080019bd   Thumb Code     6  stm32f4xx_exti.o(i.EXTI_ClearITPendingBit)
    EXTI_Config                              0x080019c9   Thumb Code    76  bsp_exti.o(i.EXTI_Config)
    EXTI_GetITStatus                         0x08001a19   Thumb Code    16  stm32f4xx_exti.o(i.EXTI_GetITStatus)
    EXTI_Init                                0x08001a2d   Thumb Code   110  stm32f4xx_exti.o(i.EXTI_Init)
    GMTconvert                               0x08001aa1   Thumb Code   324  gps_config.o(i.GMTconvert)
    GPIO_Init                                0x08001be5   Thumb Code   124  stm32f4xx_gpio.o(i.GPIO_Init)
    GPIO_PinAFConfig                         0x08001c61   Thumb Code    32  stm32f4xx_gpio.o(i.GPIO_PinAFConfig)
    GPS_Config                               0x08001c81   Thumb Code    14  gps_config.o(i.GPS_Config)
    GPS_ProcessDMAIRQ                        0x08001d51   Thumb Code    68  gps_config.o(i.GPS_ProcessDMAIRQ)
    Global_Commands                          0x08001e3d   Thumb Code    56  bsp_spi_adis.o(i.Global_Commands)
    HardFault_Handler                        0x08001e75   Thumb Code     2  stm32f4xx_it.o(i.HardFault_Handler)
    IMU_update                               0x08001e79   Thumb Code    98  attitude_solution.o(i.IMU_update)
    LED_GPIO_Config                          0x08001f11   Thumb Code    84  bsp_led_1.o(i.LED_GPIO_Config)
    MemManage_Handler                        0x08001f69   Thumb Code     2  stm32f4xx_it.o(i.MemManage_Handler)
    NMI_Handler                              0x08001f6b   Thumb Code     2  stm32f4xx_it.o(i.NMI_Handler)
    NVIC_Init                                0x08001f95   Thumb Code    98  misc.o(i.NVIC_Init)
    NVIC_PriorityGroupConfig                 0x08001ffd   Thumb Code    10  misc.o(i.NVIC_PriorityGroupConfig)
    PendSV_Handler                           0x08002011   Thumb Code     2  stm32f4xx_it.o(i.PendSV_Handler)
    RCC_AHB1PeriphClockCmd                   0x08002015   Thumb Code    22  stm32f4xx_rcc.o(i.RCC_AHB1PeriphClockCmd)
    RCC_APB1PeriphClockCmd                   0x08002031   Thumb Code    22  stm32f4xx_rcc.o(i.RCC_APB1PeriphClockCmd)
    RCC_APB2PeriphClockCmd                   0x0800204d   Thumb Code    22  stm32f4xx_rcc.o(i.RCC_APB2PeriphClockCmd)
    RCC_GetClocksFreq                        0x08002069   Thumb Code   148  stm32f4xx_rcc.o(i.RCC_GetClocksFreq)
    SDIO_ClearITPendingBit                   0x0800210d   Thumb Code     6  stm32f4xx_sdio.o(i.SDIO_ClearITPendingBit)
    SDIO_GetITStatus                         0x08002119   Thumb Code    16  stm32f4xx_sdio.o(i.SDIO_GetITStatus)
    SDIO_IRQHandler                          0x0800212d   Thumb Code     4  fatfs_sd_sdio.o(i.SDIO_IRQHandler)
    SDIO_ITConfig                            0x08002131   Thumb Code    22  stm32f4xx_sdio.o(i.SDIO_ITConfig)
    SD_ProcessDMAIRQ                         0x0800214d   Thumb Code    30  fatfs_sd_sdio.o(i.SD_ProcessDMAIRQ)
    SD_ProcessIRQSrc                         0x08002175   Thumb Code   148  fatfs_sd_sdio.o(i.SD_ProcessIRQSrc)
    SPI_ADIS_Init                            0x0800220d   Thumb Code   202  bsp_spi_adis.o(i.SPI_ADIS_Init)
    SPI_ADIS_SendHalfWord                    0x080022e5   Thumb Code   100  bsp_spi_adis.o(i.SPI_ADIS_SendHalfWord)
    SPI_Cmd                                  0x08002351   Thumb Code    24  stm32f4xx_spi.o(i.SPI_Cmd)
    SPI_I2S_GetFlagStatus                    0x08002369   Thumb Code    14  stm32f4xx_spi.o(i.SPI_I2S_GetFlagStatus)
    SPI_I2S_ReceiveData                      0x08002377   Thumb Code     4  stm32f4xx_spi.o(i.SPI_I2S_ReceiveData)
    SPI_I2S_SendData                         0x0800237b   Thumb Code     4  stm32f4xx_spi.o(i.SPI_I2S_SendData)
    SPI_Init                                 0x0800237f   Thumb Code    56  stm32f4xx_spi.o(i.SPI_Init)
    SVC_Handler                              0x080023f9   Thumb Code     2  stm32f4xx_it.o(i.SVC_Handler)
    SYSCFG_EXTILineConfig                    0x080023fd   Thumb Code    38  stm32f4xx_syscfg.o(i.SYSCFG_EXTILineConfig)
    SysTick_Handler                          0x080024e1   Thumb Code    32  stm32f4xx_it.o(i.SysTick_Handler)
    SysTick_Init                             0x08002505   Thumb Code    54  bsp_systick.o(i.SysTick_Init)
    SystemInit                               0x08002545   Thumb Code    74  system_stm32f4xx.o(i.SystemInit)
    TimingDelay_Decrement                    0x080025a1   Thumb Code    16  bsp_systick.o(i.TimingDelay_Decrement)
    USART_Cmd                                0x080025b5   Thumb Code    24  stm32f4xx_usart.o(i.USART_Cmd)
    USART_DMACmd                             0x080025cd   Thumb Code    20  stm32f4xx_usart.o(i.USART_DMACmd)
    USART_GetFlagStatus                      0x080025e1   Thumb Code    14  stm32f4xx_usart.o(i.USART_GetFlagStatus)
    USART_Init                               0x080025f1   Thumb Code   180  stm32f4xx_usart.o(i.USART_Init)
    USART_SendData                           0x080026ad   Thumb Code     8  stm32f4xx_usart.o(i.USART_SendData)
    UsageFault_Handler                       0x080026b5   Thumb Code     2  stm32f4xx_it.o(i.UsageFault_Handler)
    __0printf                                0x080026b9   Thumb Code    22  printfa.o(i.__0printf)
    __1printf                                0x080026b9   Thumb Code     0  printfa.o(i.__0printf)
    __2printf                                0x080026b9   Thumb Code     0  printfa.o(i.__0printf)
    __c89printf                              0x080026b9   Thumb Code     0  printfa.o(i.__0printf)
    printf                                   0x080026b9   Thumb Code     0  printfa.o(i.__0printf)
    __0vsnprintf                             0x080026d9   Thumb Code    32  printfa.o(i.__0vsnprintf)
    __1vsnprintf                             0x080026d9   Thumb Code     0  printfa.o(i.__0vsnprintf)
    __2vsnprintf                             0x080026d9   Thumb Code     0  printfa.o(i.__0vsnprintf)
    __c89vsnprintf                           0x080026d9   Thumb Code     0  printfa.o(i.__0vsnprintf)
    vsnprintf                                0x080026d9   Thumb Code     0  printfa.o(i.__0vsnprintf)
    __aeabi_errno_addr                       0x080026fd   Thumb Code     4  errno.o(i.__aeabi_errno_addr)
    __rt_errno_addr                          0x080026fd   Thumb Code     0  errno.o(i.__aeabi_errno_addr)
    __hardfp_strtod                          0x08002709   Thumb Code    30  strtod.o(i.__hardfp_strtod)
    __scatterload_copy                       0x08002731   Thumb Code    14  handlers.o(i.__scatterload_copy)
    __scatterload_null                       0x0800273f   Thumb Code     2  handlers.o(i.__scatterload_null)
    __scatterload_zeroinit                   0x08002741   Thumb Code    14  handlers.o(i.__scatterload_zeroinit)
    _is_digit                                0x080028b5   Thumb Code    14  scanf_fp.o(i._is_digit)
    _nmea_parse_time                         0x080028c5   Thumb Code    94  parse.o(i._nmea_parse_time)
    error                                    0x080030a9   Thumb Code     2  gps_config.o(i.error)
    fputc                                    0x080030ad   Thumb Code    30  bsp_debug_usart.o(i.fputc)
    free                                     0x080030d1   Thumb Code    76  malloc.o(i.free)
    gps_info                                 0x08003121   Thumb Code     2  gps_config.o(i.gps_info)
    main                                     0x08003125   Thumb Code   156  main.o(i.main)
    malloc                                   0x08003201   Thumb Code    92  malloc.o(i.malloc)
    nmea_BDGSA2info                          0x0800326d   Thumb Code   106  parse.o(i.nmea_BDGSA2info)
    nmea_BDGSV2info                          0x080032d7   Thumb Code   116  parse.o(i.nmea_BDGSV2info)
    nmea_GNGGA2info                          0x0800334b   Thumb Code   116  parse.o(i.nmea_GNGGA2info)
    nmea_GNGLL2info                          0x080033bf   Thumb Code   136  parse.o(i.nmea_GNGLL2info)
    nmea_GNRMC2info                          0x08003449   Thumb Code   172  parse.o(i.nmea_GNRMC2info)
    nmea_GNVTG2info                          0x080034fd   Thumb Code    50  parse.o(i.nmea_GNVTG2info)
    nmea_GNZDA2info                          0x0800352f   Thumb Code    24  parse.o(i.nmea_GNZDA2info)
    nmea_GPGGA2info                          0x08003547   Thumb Code   112  parse.o(i.nmea_GPGGA2info)
    nmea_GPGSA2info                          0x080035b7   Thumb Code   104  parse.o(i.nmea_GPGSA2info)
    nmea_GPGSV2info                          0x0800361f   Thumb Code   114  parse.o(i.nmea_GPGSV2info)
    nmea_GPRMC2info                          0x08003691   Thumb Code   156  parse.o(i.nmea_GPRMC2info)
    nmea_GPTXT2info                          0x08003735   Thumb Code    62  parse.o(i.nmea_GPTXT2info)
    nmea_GPVTG2info                          0x080037c5   Thumb Code    34  parse.o(i.nmea_GPVTG2info)
    nmea_atof                                0x080037e9   Thumb Code    42  tok.o(i.nmea_atof)
    nmea_atoi                                0x0800381d   Thumb Code    46  tok.o(i.nmea_atoi)
    nmea_decode_test                         0x0800384d   Thumb Code   178  nema_decode_test.o(i.nmea_decode_test)
    nmea_error                               0x08003929   Thumb Code    62  context.o(i.nmea_error)
    nmea_find_tail                           0x08003967   Thumb Code   124  parse.o(i.nmea_find_tail)
    nmea_info                                0x080039e3   Thumb Code    62  context.o(i.nmea_info)
    nmea_ndeg2degree                         0x08003a21   Thumb Code    92  gmath.o(i.nmea_ndeg2degree)
    nmea_pack_type                           0x08003a8d   Thumb Code   254  parse.o(i.nmea_pack_type)
    nmea_parse                               0x08003b91   Thumb Code   248  parser.o(i.nmea_parse)
    nmea_parse_BDGSA                         0x08003c89   Thumb Code   130  parse.o(i.nmea_parse_BDGSA)
    nmea_parse_BDGSV                         0x08003d5d   Thumb Code   164  parse.o(i.nmea_parse_BDGSV)
    nmea_parse_GNGGA                         0x08003e19   Thumb Code   146  parse.o(i.nmea_parse_GNGGA)
    nmea_parse_GNGLL                         0x08003f0d   Thumb Code   116  parse.o(i.nmea_parse_GNGLL)
    nmea_parse_GNRMC                         0x08003fcd   Thumb Code   152  parse.o(i.nmea_parse_GNRMC)
    nmea_parse_GNVTG                         0x080040c5   Thumb Code   134  parse.o(i.nmea_parse_GNVTG)
    nmea_parse_GNZDA                         0x080041a9   Thumb Code   114  parse.o(i.nmea_parse_GNZDA)
    nmea_parse_GPGGA                         0x08004269   Thumb Code   146  parse.o(i.nmea_parse_GPGGA)
    nmea_parse_GPGSA                         0x0800435d   Thumb Code   130  parse.o(i.nmea_parse_GPGSA)
    nmea_parse_GPGSV                         0x08004431   Thumb Code   164  parse.o(i.nmea_parse_GPGSV)
    nmea_parse_GPRMC                         0x080044ed   Thumb Code   152  parse.o(i.nmea_parse_GPRMC)
    nmea_parse_GPTXT                         0x080045e5   Thumb Code    68  parse.o(i.nmea_parse_GPTXT)
    nmea_parse_GPVTG                         0x08004659   Thumb Code   132  parse.o(i.nmea_parse_GPVTG)
    nmea_parser_buff_clear                   0x08004735   Thumb Code     8  parser.o(i.nmea_parser_buff_clear)
    nmea_parser_init                         0x0800473d   Thumb Code    54  parser.o(i.nmea_parser_init)
    nmea_parser_pop                          0x0800478d   Thumb Code    36  parser.o(i.nmea_parser_pop)
    nmea_parser_push                         0x080047b1   Thumb Code    44  parser.o(i.nmea_parser_push)
    nmea_parser_real_push                    0x080047dd   Thumb Code   998  parser.o(i.nmea_parser_real_push)
    nmea_property                            0x08004bdd   Thumb Code     4  context.o(i.nmea_property)
    nmea_scanf                               0x08004be5   Thumb Code   436  tok.o(i.nmea_scanf)
    nmea_time_now                            0x08004d99   Thumb Code    22  time.o(i.nmea_time_now)
    nmea_trace_buff                          0x08004daf   Thumb Code    28  context.o(i.nmea_trace_buff)
    nmea_zero_INFO                           0x08004dcb   Thumb Code    30  info.o(i.nmea_zero_INFO)
    trace                                    0x08004de9   Thumb Code     2  gps_config.o(i.trace)
    __ctype_table                            0x08004dea   Data         129  ctype_o.o(.constdata)
    Region$$Table$$Base                      0x080050f0   Number         0  anon$$obj.o(Region$$Table)
    Region$$Table$$Limit                     0x08005110   Number         0  anon$$obj.o(Region$$Table)
    SystemCoreClock                          0x20000000   Data           4  system_stm32f4xx.o(.data)
    AHBPrescTable                            0x20000004   Data          16  system_stm32f4xx.o(.data)
    new_data                                 0x20000028   Data           4  main.o(.data)
    new_gps_data                             0x2000002c   Data           4  main.o(.data)
    gps_lon                                  0x20000030   Data           8  main.o(.data)
    gps_lat                                  0x20000038   Data           8  main.o(.data)
    GPS_TransferEnd                          0x2000004c   Data           1  gps_config.o(.data)
    GPS_HalfTransferEnd                      0x2000004d   Data           1  gps_config.o(.data)
    TransferError                            0x20000050   Data           1  fatfs_sd_sdio.o(.data)
    StopCondition                            0x2000005c   Data           4  fatfs_sd_sdio.o(.data)
    TransferEnd                              0x20000060   Data           4  fatfs_sd_sdio.o(.data)
    DMAEndOfTransfer                         0x20000064   Data           4  fatfs_sd_sdio.o(.data)
    __stdout                                 0x200000ac   Data           4  stdout.o(.data)
    __microlib_freelist                      0x200000b0   Data           4  mvars.o(.data)
    __microlib_freelist_initialised          0x200000b4   Data           4  mvars.o(.data)
    Task_Delay                               0x200000bc   Data          12  main.o(.bss)
    gyro_data                                0x200000c8   Data          24  main.o(.bss)
    accl_data                                0x200000e0   Data          24  main.o(.bss)
    gps_rbuff                                0x200000f8   Data         512  gps_config.o(.bss)
    txt_buff                                 0x200002f8   Data         256  parse.o(.bss)
    __heap_base                              0x200003f8   Data           0  startup_stm32f40xx.o(HEAP)
    __heap_limit                             0x200013f8   Data           0  startup_stm32f40xx.o(HEAP)
    __initial_sp                             0x200053f8   Data           0  startup_stm32f40xx.o(STACK)



==============================================================================

Memory Map of the image

  Image Entry point : 0x08000189

  Load Region LR_IROM1 (Base: 0x08000000, Size: 0x000051cc, Max: 0x00100000, ABSOLUTE)

    Execution Region ER_IROM1 (Base: 0x08000000, Size: 0x00005110, Max: 0x00100000, ABSOLUTE)

    Base Addr    Size         Type   Attr      Idx    E Section Name        Object

    0x08000000   0x00000188   Data   RO            3    RESET               startup_stm32f40xx.o
    0x08000188   0x00000000   Code   RO         7381  * .ARM.Collect$$$$00000000  mc_w.l(entry.o)
    0x08000188   0x00000004   Code   RO         7809    .ARM.Collect$$$$00000001  mc_w.l(entry2.o)
    0x0800018c   0x00000004   Code   RO         7812    .ARM.Collect$$$$00000004  mc_w.l(entry5.o)
    0x08000190   0x00000000   Code   RO         7814    .ARM.Collect$$$$00000008  mc_w.l(entry7b.o)
    0x08000190   0x00000000   Code   RO         7816    .ARM.Collect$$$$0000000A  mc_w.l(entry8b.o)
    0x08000190   0x00000008   Code   RO         7817    .ARM.Collect$$$$0000000B  mc_w.l(entry9a.o)
    0x08000198   0x00000000   Code   RO         7819    .ARM.Collect$$$$0000000D  mc_w.l(entry10a.o)
    0x08000198   0x00000000   Code   RO         7821    .ARM.Collect$$$$0000000F  mc_w.l(entry11a.o)
    0x08000198   0x00000004   Code   RO         7810    .ARM.Collect$$$$00002712  mc_w.l(entry2.o)
    0x0800019c   0x00000024   Code   RO            4    .text               startup_stm32f40xx.o
    0x080001c0   0x00000062   Code   RO         7384    .text               mc_w.l(uldiv.o)
    0x08000222   0x00000002   PAD
    0x08000224   0x00000008   Code   RO         7386    .text               mc_w.l(ctype_o.o)
    0x0800022c   0x00000012   Code   RO         7408    .text               mc_w.l(isspace_o.o)
    0x0800023e   0x00000024   Code   RO         7417    .text               mc_w.l(memcpya.o)
    0x08000262   0x00000024   Code   RO         7419    .text               mc_w.l(memseta.o)
    0x08000286   0x0000000e   Code   RO         7421    .text               mc_w.l(strlen.o)
    0x08000294   0x00000014   Code   RO         7423    .text               mc_w.l(memchr.o)
    0x080002a8   0x0000001a   Code   RO         7425    .text               mc_w.l(memcmp.o)
    0x080002c2   0x00000070   Code   RO         7718    .text               mc_w.l(strtol.o)
    0x08000332   0x0000014e   Code   RO         7720    .text               mf_w.l(dadd.o)
    0x08000480   0x000000e4   Code   RO         7722    .text               mf_w.l(dmul.o)
    0x08000564   0x000000de   Code   RO         7724    .text               mf_w.l(ddiv.o)
    0x08000642   0x00000022   Code   RO         7728    .text               mf_w.l(dflti.o)
    0x08000664   0x0000003e   Code   RO         7732    .text               mf_w.l(dfixi.o)
    0x080006a2   0x00000026   Code   RO         7734    .text               mf_w.l(f2d.o)
    0x080006c8   0x00000030   Code   RO         7738    .text               mf_w.l(cdrcmple.o)
    0x080006f8   0x00000038   Code   RO         7740    .text               mf_w.l(d2f.o)
    0x08000730   0x0000002c   Code   RO         7824    .text               mc_w.l(uidiv.o)
    0x0800075c   0x0000001e   Code   RO         7826    .text               mc_w.l(llshl.o)
    0x0800077a   0x00000020   Code   RO         7828    .text               mc_w.l(llushr.o)
    0x0800079a   0x00000024   Code   RO         7830    .text               mc_w.l(llsshr.o)
    0x080007be   0x0000009e   Code   RO         7841    .text               mc_w.l(_strtoul.o)
    0x0800085c   0x0000009c   Code   RO         7843    .text               mc_w.l(strtod.o)
    0x080008f8   0x00000000   Code   RO         7845    .text               mc_w.l(iusefp.o)
    0x080008f8   0x0000006e   Code   RO         7846    .text               mf_w.l(fepilogue.o)
    0x08000966   0x000000ba   Code   RO         7848    .text               mf_w.l(depilogue.o)
    0x08000a20   0x00000030   Code   RO         7854    .text               mf_w.l(dfixul.o)
    0x08000a50   0x00000024   Code   RO         7856    .text               mc_w.l(init.o)
    0x08000a74   0x0000001c   Code   RO         7860    .text               mc_w.l(_chval.o)
    0x08000a90   0x00000338   Code   RO         7862    .text               mc_w.l(scanf_fp.o)
    0x08000dc8   0x00000040   Code   RO         7866    .text               mc_w.l(_sgetc.o)
    0x08000e08   0x00000018   Code   RO         7871    .text               mf_w.l(dfltul.o)
    0x08000e20   0x000000ca   Code   RO         4997    i.ADIS16465ReadAcc  bsp_spi_adis.o
    0x08000eea   0x000000ca   Code   RO         4999    i.ADIS16465ReadGyro  bsp_spi_adis.o
    0x08000fb4   0x000000c4   Code   RO         5002    i.ADIS16465TransData  bsp_spi_adis.o
    0x08001078   0x00000078   Code   RO         5003    i.ADIS16465_Init    bsp_spi_adis.o
    0x080010f0   0x0000032c   Code   RO         5004    i.ADIS_Error_Flag_Indicators  bsp_spi_adis.o
    0x0800141c   0x00000068   Code   RO         5005    i.ADIS_ReadAccBiasData  bsp_spi_adis.o
    0x08001484   0x00000068   Code   RO         5006    i.ADIS_ReadAccData  bsp_spi_adis.o
    0x080014ec   0x00000068   Code   RO         5009    i.ADIS_ReadGyroBiasData  bsp_spi_adis.o
    0x08001554   0x00000068   Code   RO         5010    i.ADIS_ReadGyroData  bsp_spi_adis.o
    0x080015bc   0x00000040   Code   RO         5011    i.ADIS_ReadReg      bsp_spi_adis.o
    0x080015fc   0x0000004c   Code   RO         5012    i.ADIS_WriteReg     bsp_spi_adis.o
    0x08001648   0x00000002   Code   RO         4875    i.BusFault_Handler  stm32f4xx_it.o
    0x0800164a   0x00000004   Code   RO         4876    i.DMA1_Stream5_IRQHandler  stm32f4xx_it.o
    0x0800164e   0x00000004   Code   RO         5618    i.DMA2_Stream3_IRQHandler  fatfs_sd_sdio.o
    0x08001652   0x00000002   PAD
    0x08001654   0x0000002c   Code   RO         1211    i.DMA_ClearFlag     stm32f4xx_dma.o
    0x08001680   0x0000002c   Code   RO         1212    i.DMA_ClearITPendingBit  stm32f4xx_dma.o
    0x080016ac   0x00000018   Code   RO         1213    i.DMA_Cmd           stm32f4xx_dma.o
    0x080016c4   0x0000012c   Code   RO         1214    i.DMA_DeInit        stm32f4xx_dma.o
    0x080017f0   0x0000000e   Code   RO         1218    i.DMA_GetCmdStatus  stm32f4xx_dma.o
    0x080017fe   0x00000002   PAD
    0x08001800   0x00000054   Code   RO         1223    i.DMA_GetITStatus   stm32f4xx_dma.o
    0x08001854   0x00000032   Code   RO         1224    i.DMA_ITConfig      stm32f4xx_dma.o
    0x08001886   0x00000002   PAD
    0x08001888   0x00000054   Code   RO         1225    i.DMA_Init          stm32f4xx_dma.o
    0x080018dc   0x00000002   Code   RO         4877    i.DebugMon_Handler  stm32f4xx_it.o
    0x080018de   0x00000002   PAD
    0x080018e0   0x00000098   Code   RO         5414    i.Debug_USART_Config  bsp_debug_usart.o
    0x08001978   0x00000014   Code   RO         5252    i.Delay_ms          bsp_systick.o
    0x0800198c   0x0000000a   Code   RO         4766    i.Delay_us          main.o
    0x08001996   0x00000002   PAD
    0x08001998   0x00000024   Code   RO         4878    i.EXTI3_IRQHandler  stm32f4xx_it.o
    0x080019bc   0x0000000c   Code   RO         1344    i.EXTI_ClearITPendingBit  stm32f4xx_exti.o
    0x080019c8   0x00000050   Code   RO         5205    i.EXTI_Config       bsp_exti.o
    0x08001a18   0x00000014   Code   RO         1348    i.EXTI_GetITStatus  stm32f4xx_exti.o
    0x08001a2c   0x00000074   Code   RO         1349    i.EXTI_Init         stm32f4xx_exti.o
    0x08001aa0   0x00000144   Code   RO         5306    i.GMTconvert        gps_config.o
    0x08001be4   0x0000007c   Code   RO         1857    i.GPIO_Init         stm32f4xx_gpio.o
    0x08001c60   0x00000020   Code   RO         1858    i.GPIO_PinAFConfig  stm32f4xx_gpio.o
    0x08001c80   0x0000000e   Code   RO         5307    i.GPS_Config        gps_config.o
    0x08001c8e   0x00000002   PAD
    0x08001c90   0x00000098   Code   RO         5308    i.GPS_DMA_Config    gps_config.o
    0x08001d28   0x00000028   Code   RO         5309    i.GPS_Interrupt_Config  gps_config.o
    0x08001d50   0x00000054   Code   RO         5310    i.GPS_ProcessDMAIRQ  gps_config.o
    0x08001da4   0x00000098   Code   RO         5311    i.GPS_USART_Config  gps_config.o
    0x08001e3c   0x00000038   Code   RO         5014    i.Global_Commands   bsp_spi_adis.o
    0x08001e74   0x00000002   Code   RO         4879    i.HardFault_Handler  stm32f4xx_it.o
    0x08001e76   0x00000002   PAD
    0x08001e78   0x0000006c   Code   RO         5166    i.IMU_update        attitude_solution.o
    0x08001ee4   0x0000002c   Code   RO         5312    i.IsLeapYear        gps_config.o
    0x08001f10   0x00000058   Code   RO         5390    i.LED_GPIO_Config   bsp_led_1.o
    0x08001f68   0x00000002   Code   RO         4880    i.MemManage_Handler  stm32f4xx_it.o
    0x08001f6a   0x00000002   Code   RO         4881    i.NMI_Handler       stm32f4xx_it.o
    0x08001f6c   0x00000026   Code   RO         5206    i.NVIC_Configuration  bsp_exti.o
    0x08001f92   0x00000002   PAD
    0x08001f94   0x00000068   Code   RO          155    i.NVIC_Init         misc.o
    0x08001ffc   0x00000014   Code   RO          156    i.NVIC_PriorityGroupConfig  misc.o
    0x08002010   0x00000002   Code   RO         4882    i.PendSV_Handler    stm32f4xx_it.o
    0x08002012   0x00000002   PAD
    0x08002014   0x0000001c   Code   RO         2561    i.RCC_AHB1PeriphClockCmd  stm32f4xx_rcc.o
    0x08002030   0x0000001c   Code   RO         2570    i.RCC_APB1PeriphClockCmd  stm32f4xx_rcc.o
    0x0800204c   0x0000001c   Code   RO         2573    i.RCC_APB2PeriphClockCmd  stm32f4xx_rcc.o
    0x08002068   0x000000a4   Code   RO         2582    i.RCC_GetClocksFreq  stm32f4xx_rcc.o
    0x0800210c   0x0000000c   Code   RO         3496    i.SDIO_ClearITPendingBit  stm32f4xx_sdio.o
    0x08002118   0x00000014   Code   RO         3508    i.SDIO_GetITStatus  stm32f4xx_sdio.o
    0x0800212c   0x00000004   Code   RO         5622    i.SDIO_IRQHandler   fatfs_sd_sdio.o
    0x08002130   0x0000001c   Code   RO         3511    i.SDIO_ITConfig     stm32f4xx_sdio.o
    0x0800214c   0x00000028   Code   RO         5641    i.SD_ProcessDMAIRQ  fatfs_sd_sdio.o
    0x08002174   0x00000098   Code   RO         5642    i.SD_ProcessIRQSrc  fatfs_sd_sdio.o
    0x0800220c   0x000000d8   Code   RO         5015    i.SPI_ADIS_Init     bsp_spi_adis.o
    0x080022e4   0x0000006c   Code   RO         5018    i.SPI_ADIS_SendHalfWord  bsp_spi_adis.o
    0x08002350   0x00000018   Code   RO         3719    i.SPI_Cmd           stm32f4xx_spi.o
    0x08002368   0x0000000e   Code   RO         3727    i.SPI_I2S_GetFlagStatus  stm32f4xx_spi.o
    0x08002376   0x00000004   Code   RO         3730    i.SPI_I2S_ReceiveData  stm32f4xx_spi.o
    0x0800237a   0x00000004   Code   RO         3731    i.SPI_I2S_SendData  stm32f4xx_spi.o
    0x0800237e   0x00000038   Code   RO         3732    i.SPI_Init          stm32f4xx_spi.o
    0x080023b6   0x00000002   PAD
    0x080023b8   0x00000040   Code   RO         5019    i.SPI_TIMEOUT_UserCallback  bsp_spi_adis.o
    0x080023f8   0x00000002   Code   RO         4883    i.SVC_Handler       stm32f4xx_it.o
    0x080023fa   0x00000002   PAD
    0x080023fc   0x0000002c   Code   RO         3884    i.SYSCFG_EXTILineConfig  stm32f4xx_syscfg.o
    0x08002428   0x000000b8   Code   RO           13    i.SetSysClock       system_stm32f4xx.o
    0x080024e0   0x00000024   Code   RO         4884    i.SysTick_Handler   stm32f4xx_it.o
    0x08002504   0x00000040   Code   RO         5253    i.SysTick_Init      bsp_systick.o
    0x08002544   0x0000005c   Code   RO           15    i.SystemInit        system_stm32f4xx.o
    0x080025a0   0x00000014   Code   RO         5255    i.TimingDelay_Decrement  bsp_systick.o
    0x080025b4   0x00000018   Code   RO         4511    i.USART_Cmd         stm32f4xx_usart.o
    0x080025cc   0x00000014   Code   RO         4512    i.USART_DMACmd      stm32f4xx_usart.o
    0x080025e0   0x0000000e   Code   RO         4514    i.USART_GetFlagStatus  stm32f4xx_usart.o
    0x080025ee   0x00000002   PAD
    0x080025f0   0x000000bc   Code   RO         4518    i.USART_Init        stm32f4xx_usart.o
    0x080026ac   0x00000008   Code   RO         4528    i.USART_SendData    stm32f4xx_usart.o
    0x080026b4   0x00000002   Code   RO         4885    i.UsageFault_Handler  stm32f4xx_it.o
    0x080026b6   0x00000002   PAD
    0x080026b8   0x00000020   Code   RO         7662    i.__0printf         mc_w.l(printfa.o)
    0x080026d8   0x00000024   Code   RO         7667    i.__0vsnprintf      mc_w.l(printfa.o)
    0x080026fc   0x00000008   Code   RO         7834    i.__aeabi_errno_addr  mc_w.l(errno.o)
    0x08002704   0x00000004   PAD
    0x08002708   0x00000028   Code   RO         7363    i.__hardfp_strtod   m_wm.l(strtod.o)
    0x08002730   0x0000000e   Code   RO         7875    i.__scatterload_copy  mc_w.l(handlers.o)
    0x0800273e   0x00000002   Code   RO         7876    i.__scatterload_null  mc_w.l(handlers.o)
    0x08002740   0x0000000e   Code   RO         7877    i.__scatterload_zeroinit  mc_w.l(handlers.o)
    0x0800274e   0x00000002   PAD
    0x08002750   0x00000164   Code   RO         7669    i._fp_digits        mc_w.l(printfa.o)
    0x080028b4   0x0000000e   Code   RO         7864    i._is_digit         mc_w.l(scanf_fp.o)
    0x080028c2   0x00000002   PAD
    0x080028c4   0x000000a0   Code   RO         6796    i._nmea_parse_time  parse.o
    0x08002964   0x000006dc   Code   RO         7670    i._printf_core      mc_w.l(printfa.o)
    0x08003040   0x00000024   Code   RO         7671    i._printf_post_padding  mc_w.l(printfa.o)
    0x08003064   0x0000002e   Code   RO         7672    i._printf_pre_padding  mc_w.l(printfa.o)
    0x08003092   0x00000016   Code   RO         7673    i._snputc           mc_w.l(printfa.o)
    0x080030a8   0x00000002   Code   RO         5313    i.error             gps_config.o
    0x080030aa   0x00000002   PAD
    0x080030ac   0x00000024   Code   RO         5416    i.fputc             bsp_debug_usart.o
    0x080030d0   0x00000050   Code   RO         7690    i.free              mc_w.l(malloc.o)
    0x08003120   0x00000002   Code   RO         5314    i.gps_info          gps_config.o
    0x08003122   0x00000002   PAD
    0x08003124   0x000000dc   Code   RO         4767    i.main              main.o
    0x08003200   0x0000006c   Code   RO         7691    i.malloc            mc_w.l(malloc.o)
    0x0800326c   0x0000006a   Code   RO         6797    i.nmea_BDGSA2info   parse.o
    0x080032d6   0x00000074   Code   RO         6798    i.nmea_BDGSV2info   parse.o
    0x0800334a   0x00000074   Code   RO         6799    i.nmea_GNGGA2info   parse.o
    0x080033be   0x00000088   Code   RO         6800    i.nmea_GNGLL2info   parse.o
    0x08003446   0x00000002   PAD
    0x08003448   0x000000b4   Code   RO         6801    i.nmea_GNRMC2info   parse.o
    0x080034fc   0x00000032   Code   RO         6802    i.nmea_GNVTG2info   parse.o
    0x0800352e   0x00000018   Code   RO         6803    i.nmea_GNZDA2info   parse.o
    0x08003546   0x00000070   Code   RO         6804    i.nmea_GPGGA2info   parse.o
    0x080035b6   0x00000068   Code   RO         6805    i.nmea_GPGSA2info   parse.o
    0x0800361e   0x00000072   Code   RO         6806    i.nmea_GPGSV2info   parse.o
    0x08003690   0x000000a4   Code   RO         6807    i.nmea_GPRMC2info   parse.o
    0x08003734   0x00000090   Code   RO         6808    i.nmea_GPTXT2info   parse.o
    0x080037c4   0x00000022   Code   RO         6809    i.nmea_GPVTG2info   parse.o
    0x080037e6   0x00000002   PAD
    0x080037e8   0x00000034   Code   RO         7165    i.nmea_atof         tok.o
    0x0800381c   0x0000002e   Code   RO         7166    i.nmea_atoi         tok.o
    0x0800384a   0x00000002   PAD
    0x0800384c   0x000000dc   Code   RO         4963    i.nmea_decode_test  nema_decode_test.o
    0x08003928   0x0000003e   Code   RO         6375    i.nmea_error        context.o
    0x08003966   0x0000007c   Code   RO         6810    i.nmea_find_tail    parse.o
    0x080039e2   0x0000003e   Code   RO         6376    i.nmea_info         context.o
    0x08003a20   0x0000006c   Code   RO         6684    i.nmea_ndeg2degree  gmath.o
    0x08003a8c   0x00000104   Code   RO         6811    i.nmea_pack_type    parse.o
    0x08003b90   0x000000f8   Code   RO         6991    i.nmea_parse        parser.o
    0x08003c88   0x000000d4   Code   RO         6812    i.nmea_parse_BDGSA  parse.o
    0x08003d5c   0x000000bc   Code   RO         6813    i.nmea_parse_BDGSV  parse.o
    0x08003e18   0x000000f4   Code   RO         6814    i.nmea_parse_GNGGA  parse.o
    0x08003f0c   0x000000c0   Code   RO         6815    i.nmea_parse_GNGLL  parse.o
    0x08003fcc   0x000000f8   Code   RO         6816    i.nmea_parse_GNRMC  parse.o
    0x080040c4   0x000000e4   Code   RO         6817    i.nmea_parse_GNVTG  parse.o
    0x080041a8   0x000000c0   Code   RO         6818    i.nmea_parse_GNZDA  parse.o
    0x08004268   0x000000f4   Code   RO         6819    i.nmea_parse_GPGGA  parse.o
    0x0800435c   0x000000d4   Code   RO         6820    i.nmea_parse_GPGSA  parse.o
    0x08004430   0x000000bc   Code   RO         6821    i.nmea_parse_GPGSV  parse.o
    0x080044ec   0x000000f8   Code   RO         6822    i.nmea_parse_GPRMC  parse.o
    0x080045e4   0x00000074   Code   RO         6823    i.nmea_parse_GPTXT  parse.o
    0x08004658   0x000000dc   Code   RO         6824    i.nmea_parse_GPVTG  parse.o
    0x08004734   0x00000008   Code   RO         6992    i.nmea_parser_buff_clear  parser.o
    0x0800473c   0x00000050   Code   RO         6995    i.nmea_parser_init  parser.o
    0x0800478c   0x00000024   Code   RO         6997    i.nmea_parser_pop   parser.o
    0x080047b0   0x0000002c   Code   RO         6998    i.nmea_parser_push  parser.o
    0x080047dc   0x00000400   Code   RO         7000    i.nmea_parser_real_push  parser.o
    0x08004bdc   0x00000008   Code   RO         6377    i.nmea_property     context.o
    0x08004be4   0x000001b4   Code   RO         7169    i.nmea_scanf        tok.o
    0x08004d98   0x00000016   Code   RO         7147    i.nmea_time_now     time.o
    0x08004dae   0x0000001c   Code   RO         6379    i.nmea_trace_buff   context.o
    0x08004dca   0x0000001e   Code   RO         6781    i.nmea_zero_INFO    info.o
    0x08004de8   0x00000002   Code   RO         5315    i.trace             gps_config.o
    0x08004dea   0x00000081   Data   RO         7387    .constdata          mc_w.l(ctype_o.o)
    0x08004e6b   0x00000001   PAD
    0x08004e6c   0x00000004   Data   RO         7388    .constdata          mc_w.l(ctype_o.o)
    0x08004e70   0x0000018f   Data   RO         5021    .conststring        bsp_spi_adis.o
    0x08004fff   0x00000001   PAD
    0x08005000   0x000000ee   Data   RO         6826    .conststring        parse.o
    0x080050ee   0x00000002   PAD
    0x080050f0   0x00000020   Data   RO         7873    Region$$Table       anon$$obj.o


    Execution Region RW_IRAM1 (Base: 0x20000000, Size: 0x000053f8, Max: 0x00020000, ABSOLUTE)

    Base Addr    Size         Type   Attr      Idx    E Section Name        Object

    0x20000000   0x00000014   Data   RW           16    .data               system_stm32f4xx.o
    0x20000014   0x00000010   Data   RW         2614    .data               stm32f4xx_rcc.o
    0x20000024   0x00000004   PAD
    0x20000028   0x00000018   Data   RW         4771    .data               main.o
    0x20000040   0x00000004   Data   RW         5022    .data               bsp_spi_adis.o
    0x20000044   0x00000008   Data   RW         5257    .data               bsp_systick.o
    0x2000004c   0x00000002   Data   RW         5317    .data               gps_config.o
    0x2000004e   0x00000002   PAD
    0x20000050   0x00000018   Data   RW         5661    .data               fatfs_sd_sdio.o
    0x20000068   0x00000010   Data   RW         6380    .data               context.o
    0x20000078   0x00000034   Data   RW         6827    .data               parse.o
    0x200000ac   0x00000004   Data   RW         7823    .data               mc_w.l(stdout.o)
    0x200000b0   0x00000004   Data   RW         7832    .data               mc_w.l(mvars.o)
    0x200000b4   0x00000004   Data   RW         7833    .data               mc_w.l(mvars.o)
    0x200000b8   0x00000004   Data   RW         7837    .data               mc_w.l(errno.o)
    0x200000bc   0x0000000c   Zero   RW         4768    .bss                main.o
    0x200000c8   0x00000030   Zero   RW         4770    .bss                main.o
    0x200000f8   0x00000200   Zero   RW         5316    .bss                gps_config.o
    0x200002f8   0x00000100   Zero   RW         6825    .bss                parse.o
    0x200003f8   0x00001000   Zero   RW            2    HEAP                startup_stm32f40xx.o
    0x200013f8   0x00004000   Zero   RW            1    STACK               startup_stm32f40xx.o


==============================================================================

Image component sizes


      Code (inc. data)   RO Data    RW Data    ZI Data      Debug   Object Name

       108         10          0          0          0        781   attitude_solution.o
       188         16          0          0          0       1545   bsp_debug_usart.o
       118          4          0          0          0       1354   bsp_exti.o
        88          4          0          0          0        722   bsp_led_1.o
      2532        766        399          4          0      12421   bsp_spi_adis.o
       104         18          0          8          0      29185   bsp_systick.o
       160          4          0         16          0       4539   context.o
         0          0          0          0          0        580   fatfs_flash_spi.o
       200         14          0         24          0      14636   fatfs_sd_sdio.o
         0          0          0          0          0        576   ff.o
         0          0          0          0          0       4144   generate.o
       108         16          0          0          0        795   gmath.o
       816         40          0          2        512       8621   gps_config.o
        30          0          0          0          0       2485   info.o
       230         64          0         24         60       7011   main.o
       124         16          0          0          0       2183   misc.o
       220         42          0          0          0       1011   nema_decode_test.o
      4676       1154        238         52        256      27377   parse.o
      1440         52          0          0          0       7274   parser.o
        36          8        392          0      20480       1064   startup_stm32f40xx.o
       644         66          0          0          0       8474   stm32f4xx_dma.o
       148         16          0          0          0       2992   stm32f4xx_exti.o
       156          0          0          0          0       2371   stm32f4xx_gpio.o
        92         10          0          0          0       6675   stm32f4xx_it.o
       248         34          0         16          0       6003   stm32f4xx_rcc.o
        60         16          0          0          0       2296   stm32f4xx_sdio.o
       102          0          0          0          0       4706   stm32f4xx_spi.o
        44          6          0          0          0        852   stm32f4xx_syscfg.o
       254          8          0          0          0       5211   stm32f4xx_usart.o
       276         34          0         20          0     308445   system_stm32f4xx.o
        22          0          0          0          0       1748   time.o
       534         10          0          0          0       3233   tok.o

    ----------------------------------------------------------------------
     13794       2428       1064        172      21308     481310   Object Totals
         0          0         32          0          0          0   (incl. Generated)
        36          0          3          6          0          0   (incl. Padding)

    ----------------------------------------------------------------------

      Code (inc. data)   RO Data    RW Data    ZI Data      Debug   Library Member Name

        40         10          0          0          0        128   strtod.o
        28          0          0          0          0         68   _chval.o
        64          0          0          0          0         84   _sgetc.o
       158          0          0          0          0         92   _strtoul.o
         8          4        133          0          0         68   ctype_o.o
         0          0          0          0          0          0   entry.o
         0          0          0          0          0          0   entry10a.o
         0          0          0          0          0          0   entry11a.o
         8          4          0          0          0          0   entry2.o
         4          0          0          0          0          0   entry5.o
         0          0          0          0          0          0   entry7b.o
         0          0          0          0          0          0   entry8b.o
         8          4          0          0          0          0   entry9a.o
         8          4          0          4          0         68   errno.o
        30          0          0          0          0          0   handlers.o
        36          8          0          0          0         68   init.o
        18          0          0          0          0         76   isspace_o.o
         0          0          0          0          0          0   iusefp.o
        30          0          0          0          0         68   llshl.o
        36          0          0          0          0         68   llsshr.o
        32          0          0          0          0         68   llushr.o
       188         20          0          0          0        160   malloc.o
        20          0          0          0          0         68   memchr.o
        26          0          0          0          0         80   memcmp.o
        36          0          0          0          0         68   memcpya.o
        36          0          0          0          0        108   memseta.o
         0          0          0          8          0          0   mvars.o
      2284         94          0          0          0        592   printfa.o
       838         12          0          0          0        216   scanf_fp.o
         0          0          0          4          0          0   stdout.o
        14          0          0          0          0         68   strlen.o
       156         14          0          0          0        120   strtod.o
       112          0          0          0          0         88   strtol.o
        44          0          0          0          0         80   uidiv.o
        98          0          0          0          0         92   uldiv.o
        48          0          0          0          0         68   cdrcmple.o
        56          0          0          0          0         88   d2f.o
       334          0          0          0          0        148   dadd.o
       222          0          0          0          0        100   ddiv.o
       186          0          0          0          0        176   depilogue.o
        62          0          0          0          0         80   dfixi.o
        48          0          0          0          0         68   dfixul.o
        34          0          0          0          0         76   dflti.o
        24          0          0          0          0         76   dfltul.o
       228          0          0          0          0         96   dmul.o
        38          0          0          0          0         68   f2d.o
       110          0          0          0          0        168   fepilogue.o

    ----------------------------------------------------------------------
      5760        178        134         16          0       3808   Library Totals
        10          4          1          0          0          0   (incl. Padding)

    ----------------------------------------------------------------------

      Code (inc. data)   RO Data    RW Data    ZI Data      Debug   Library Name

        40         10          0          0          0        128   m_wm.l
      4320        164        133         16          0       2468   mc_w.l
      1390          0          0          0          0       1212   mf_w.l

    ----------------------------------------------------------------------
      5760        178        134         16          0       3808   Library Totals

    ----------------------------------------------------------------------

==============================================================================


      Code (inc. data)   RO Data    RW Data    ZI Data      Debug   

     19554       2606       1198        188      21308     470946   Grand Totals
     19554       2606       1198        188      21308     470946   ELF Image Totals
     19554       2606       1198        188          0          0   ROM Totals

==============================================================================

    Total RO  Size (Code + RO Data)                20752 (  20.27kB)
    Total RW  Size (RW Data + ZI Data)             21496 (  20.99kB)
    Total ROM Size (Code + RO Data + RW Data)      20940 (  20.45kB)

==============================================================================

